-- Logs begin at Sat 2018-08-18 08:30:01 UTC, end at Sat 2018-08-18 09:24:37 UTC. --
Aug 18 08:30:01 kata-shimv2 kernel: Linux version 4.15.0-1017-gcp (buildd@lgw01-amd64-034) (gcc version 5.4.0 20160609 (Ubuntu 5.4.0-6ubuntu1~16.04.10)) #18~16.04.1-Ubuntu SMP Fri Aug 10 13:26:07 UTC 2018 (Ubuntu 4.15.0-1017.18~16.04.1-gcp 4.15.18)
Aug 18 08:30:01 kata-shimv2 kernel: Command line: BOOT_IMAGE=/boot/vmlinuz-4.15.0-1017-gcp root=LABEL=cloudimg-rootfs ro scsi_mod.use_blk_mq=Y console=ttyS0
Aug 18 08:30:01 kata-shimv2 kernel: KERNEL supported cpus:
Aug 18 08:30:01 kata-shimv2 kernel:   Intel GenuineIntel
Aug 18 08:30:01 kata-shimv2 kernel:   AMD AuthenticAMD
Aug 18 08:30:01 kata-shimv2 kernel:   Centaur CentaurHauls
Aug 18 08:30:01 kata-shimv2 kernel: x86/fpu: Supporting XSAVE feature 0x001: 'x87 floating point registers'
Aug 18 08:30:01 kata-shimv2 kernel: x86/fpu: Supporting XSAVE feature 0x002: 'SSE registers'
Aug 18 08:30:01 kata-shimv2 kernel: x86/fpu: Supporting XSAVE feature 0x004: 'AVX registers'
Aug 18 08:30:01 kata-shimv2 kernel: x86/fpu: xstate_offset[2]:  576, xstate_sizes[2]:  256
Aug 18 08:30:01 kata-shimv2 kernel: x86/fpu: Enabled xstate features 0x7, context size is 832 bytes, using 'standard' format.
Aug 18 08:30:01 kata-shimv2 kernel: e820: BIOS-provided physical RAM map:
Aug 18 08:30:01 kata-shimv2 kernel: BIOS-e820: [mem 0x0000000000000000-0x000000000009fbff] usable
Aug 18 08:30:01 kata-shimv2 kernel: BIOS-e820: [mem 0x000000000009fc00-0x000000000009ffff] reserved
Aug 18 08:30:01 kata-shimv2 kernel: BIOS-e820: [mem 0x00000000000f0000-0x00000000000fffff] reserved
Aug 18 08:30:01 kata-shimv2 kernel: BIOS-e820: [mem 0x0000000000100000-0x00000000bfff2fff] usable
Aug 18 08:30:01 kata-shimv2 kernel: BIOS-e820: [mem 0x00000000bfff3000-0x00000000bfffffff] reserved
Aug 18 08:30:01 kata-shimv2 kernel: BIOS-e820: [mem 0x00000000fffbc000-0x00000000ffffffff] reserved
Aug 18 08:30:01 kata-shimv2 kernel: BIOS-e820: [mem 0x0000000100000000-0x0000000f3fffffff] usable
Aug 18 08:30:01 kata-shimv2 kernel: NX (Execute Disable) protection: active
Aug 18 08:30:01 kata-shimv2 kernel: SMBIOS 2.4 present.
Aug 18 08:30:01 kata-shimv2 kernel: DMI: Google Google Compute Engine/Google Compute Engine, BIOS Google 01/01/2011
Aug 18 08:30:01 kata-shimv2 kernel: Hypervisor detected: KVM
Aug 18 08:30:01 kata-shimv2 kernel: e820: update [mem 0x00000000-0x00000fff] usable ==> reserved
Aug 18 08:30:01 kata-shimv2 kernel: e820: remove [mem 0x000a0000-0x000fffff] usable
Aug 18 08:30:01 kata-shimv2 kernel: e820: last_pfn = 0xf40000 max_arch_pfn = 0x400000000
Aug 18 08:30:01 kata-shimv2 kernel: MTRR default type: write-back
Aug 18 08:30:01 kata-shimv2 kernel: MTRR fixed ranges enabled:
Aug 18 08:30:01 kata-shimv2 kernel:   00000-9FFFF write-back
Aug 18 08:30:01 kata-shimv2 kernel:   A0000-BFFFF uncachable
Aug 18 08:30:01 kata-shimv2 kernel:   C0000-FFFFF write-protect
Aug 18 08:30:01 kata-shimv2 kernel: MTRR variable ranges enabled:
Aug 18 08:30:01 kata-shimv2 kernel:   0 base 0000C0000000 mask 3FFFC0000000 uncachable
Aug 18 08:30:01 kata-shimv2 kernel:   1 disabled
Aug 18 08:30:01 kata-shimv2 kernel:   2 disabled
Aug 18 08:30:01 kata-shimv2 kernel:   3 disabled
Aug 18 08:30:01 kata-shimv2 kernel:   4 disabled
Aug 18 08:30:01 kata-shimv2 kernel:   5 disabled
Aug 18 08:30:01 kata-shimv2 kernel:   6 disabled
Aug 18 08:30:01 kata-shimv2 kernel:   7 disabled
Aug 18 08:30:01 kata-shimv2 kernel: x86/PAT: Configuration [0-7]: WB  WC  UC- UC  WB  WP  UC- WT  
Aug 18 08:30:01 kata-shimv2 kernel: e820: last_pfn = 0xbfff3 max_arch_pfn = 0x400000000
Aug 18 08:30:01 kata-shimv2 kernel: found SMP MP-table at [mem 0x000f2bc0-0x000f2bcf] mapped at [        (ptrval)]
Aug 18 08:30:01 kata-shimv2 kernel: Scanning 1 areas for low memory corruption
Aug 18 08:30:01 kata-shimv2 kernel: Base memory trampoline at [        (ptrval)] 99000 size 24576
Aug 18 08:30:01 kata-shimv2 kernel: Using GB pages for direct mapping
Aug 18 08:30:01 kata-shimv2 kernel: BRK [0x80eb3d000, 0x80eb3dfff] PGTABLE
Aug 18 08:30:01 kata-shimv2 kernel: BRK [0x80eb3e000, 0x80eb3efff] PGTABLE
Aug 18 08:30:01 kata-shimv2 kernel: BRK [0x80eb3f000, 0x80eb3ffff] PGTABLE
Aug 18 08:30:01 kata-shimv2 kernel: BRK [0x80eb40000, 0x80eb40fff] PGTABLE
Aug 18 08:30:01 kata-shimv2 kernel: BRK [0x80eb41000, 0x80eb41fff] PGTABLE
Aug 18 08:30:01 kata-shimv2 kernel: BRK [0x80eb42000, 0x80eb42fff] PGTABLE
Aug 18 08:30:01 kata-shimv2 kernel: RAMDISK: [mem 0x360d6000-0x37062fff]
Aug 18 08:30:01 kata-shimv2 kernel: ACPI: Early table checksum verification disabled
Aug 18 08:30:01 kata-shimv2 kernel: ACPI: RSDP 0x00000000000F2B80 000014 (v00 Google)
Aug 18 08:30:01 kata-shimv2 kernel: ACPI: RSDT 0x00000000BFFF33B0 000038 (v01 Google GOOGRSDT 00000001 GOOG 00000001)
Aug 18 08:30:01 kata-shimv2 kernel: ACPI: FACP 0x00000000BFFFCED0 0000F4 (v02 Google GOOGFACP 00000001 GOOG 00000001)
Aug 18 08:30:01 kata-shimv2 kernel: ACPI: DSDT 0x00000000BFFF33F0 0017B2 (v01 Google GOOGDSDT 00000001 GOOG 00000001)
Aug 18 08:30:01 kata-shimv2 kernel: ACPI: FACS 0x00000000BFFFCE80 000040
Aug 18 08:30:01 kata-shimv2 kernel: ACPI: FACS 0x00000000BFFFCE80 000040
Aug 18 08:30:01 kata-shimv2 kernel: ACPI: SSDT 0x00000000BFFF6570 00690D (v01 Google GOOGSSDT 00000001 GOOG 00000001)
Aug 18 08:30:01 kata-shimv2 kernel: ACPI: APIC 0x00000000BFFF5C90 0000E6 (v01 Google GOOGAPIC 00000001 GOOG 00000001)
Aug 18 08:30:01 kata-shimv2 kernel: ACPI: WAET 0x00000000BFFF5C60 000028 (v01 Google GOOGWAET 00000001 GOOG 00000001)
Aug 18 08:30:01 kata-shimv2 kernel: ACPI: SRAT 0x00000000BFFF4BB0 0001A8 (v01 Google GOOGSRAT 00000001 GOOG 00000001)
Aug 18 08:30:01 kata-shimv2 kernel: ACPI: Local APIC address 0xfee00000
Aug 18 08:30:01 kata-shimv2 kernel: SRAT: PXM 0 -> APIC 0x00 -> Node 0
Aug 18 08:30:01 kata-shimv2 kernel: SRAT: PXM 0 -> APIC 0x01 -> Node 0
Aug 18 08:30:01 kata-shimv2 kernel: SRAT: PXM 0 -> APIC 0x02 -> Node 0
Aug 18 08:30:01 kata-shimv2 kernel: SRAT: PXM 0 -> APIC 0x03 -> Node 0
Aug 18 08:30:01 kata-shimv2 kernel: SRAT: PXM 0 -> APIC 0x04 -> Node 0
Aug 18 08:30:01 kata-shimv2 kernel: SRAT: PXM 0 -> APIC 0x05 -> Node 0
Aug 18 08:30:01 kata-shimv2 kernel: SRAT: PXM 0 -> APIC 0x06 -> Node 0
Aug 18 08:30:01 kata-shimv2 kernel: SRAT: PXM 0 -> APIC 0x07 -> Node 0
Aug 18 08:30:01 kata-shimv2 kernel: SRAT: PXM 0 -> APIC 0x08 -> Node 0
Aug 18 08:30:01 kata-shimv2 kernel: SRAT: PXM 0 -> APIC 0x09 -> Node 0
Aug 18 08:30:01 kata-shimv2 kernel: SRAT: PXM 0 -> APIC 0x0a -> Node 0
Aug 18 08:30:01 kata-shimv2 kernel: SRAT: PXM 0 -> APIC 0x0b -> Node 0
Aug 18 08:30:01 kata-shimv2 kernel: SRAT: PXM 0 -> APIC 0x0c -> Node 0
Aug 18 08:30:01 kata-shimv2 kernel: SRAT: PXM 0 -> APIC 0x0d -> Node 0
Aug 18 08:30:01 kata-shimv2 kernel: SRAT: PXM 0 -> APIC 0x0e -> Node 0
Aug 18 08:30:01 kata-shimv2 kernel: SRAT: PXM 0 -> APIC 0x0f -> Node 0
Aug 18 08:30:01 kata-shimv2 kernel: ACPI: SRAT: Node 0 PXM 0 [mem 0x00000000-0x0009ffff]
Aug 18 08:30:01 kata-shimv2 kernel: ACPI: SRAT: Node 0 PXM 0 [mem 0x00100000-0xbfffffff]
Aug 18 08:30:01 kata-shimv2 kernel: ACPI: SRAT: Node 0 PXM 0 [mem 0x100000000-0xf3fffffff]
Aug 18 08:30:01 kata-shimv2 kernel: NUMA: Node 0 [mem 0x00000000-0x0009ffff] + [mem 0x00100000-0xbfffffff] -> [mem 0x00000000-0xbfffffff]
Aug 18 08:30:01 kata-shimv2 kernel: NUMA: Node 0 [mem 0x00000000-0xbfffffff] + [mem 0x100000000-0xf3fffffff] -> [mem 0x00000000-0xf3fffffff]
Aug 18 08:30:01 kata-shimv2 kernel: NODE_DATA(0) allocated [mem 0xf3ffd5000-0xf3fffffff]
Aug 18 08:30:01 kata-shimv2 kernel: kvm-clock: cpu 0, msr f:3ff54001, primary cpu clock
Aug 18 08:30:01 kata-shimv2 kernel: kvm-clock: Using msrs 4b564d01 and 4b564d00
Aug 18 08:30:01 kata-shimv2 kernel: kvm-clock: using sched offset of 12782065218 cycles
Aug 18 08:30:01 kata-shimv2 kernel: clocksource: kvm-clock: mask: 0xffffffffffffffff max_cycles: 0x1cd42e4dffb, max_idle_ns: 881590591483 ns
Aug 18 08:30:01 kata-shimv2 kernel: Zone ranges:
Aug 18 08:30:01 kata-shimv2 kernel:   DMA      [mem 0x0000000000001000-0x0000000000ffffff]
Aug 18 08:30:01 kata-shimv2 kernel:   DMA32    [mem 0x0000000001000000-0x00000000ffffffff]
Aug 18 08:30:01 kata-shimv2 kernel:   Normal   [mem 0x0000000100000000-0x0000000f3fffffff]
Aug 18 08:30:01 kata-shimv2 kernel:   Device   empty
Aug 18 08:30:01 kata-shimv2 kernel: Movable zone start for each node
Aug 18 08:30:01 kata-shimv2 kernel: Early memory node ranges
Aug 18 08:30:01 kata-shimv2 kernel:   node   0: [mem 0x0000000000001000-0x000000000009efff]
Aug 18 08:30:01 kata-shimv2 kernel:   node   0: [mem 0x0000000000100000-0x00000000bfff2fff]
Aug 18 08:30:01 kata-shimv2 kernel:   node   0: [mem 0x0000000100000000-0x0000000f3fffffff]
Aug 18 08:30:01 kata-shimv2 kernel: Initmem setup node 0 [mem 0x0000000000001000-0x0000000f3fffffff]
Aug 18 08:30:01 kata-shimv2 kernel: On node 0 totalpages: 15728529
Aug 18 08:30:01 kata-shimv2 kernel:   DMA zone: 64 pages used for memmap
Aug 18 08:30:01 kata-shimv2 kernel:   DMA zone: 21 pages reserved
Aug 18 08:30:01 kata-shimv2 kernel:   DMA zone: 3998 pages, LIFO batch:0
Aug 18 08:30:01 kata-shimv2 kernel:   DMA32 zone: 12224 pages used for memmap
Aug 18 08:30:01 kata-shimv2 kernel:   DMA32 zone: 782323 pages, LIFO batch:31
Aug 18 08:30:01 kata-shimv2 kernel:   Normal zone: 233472 pages used for memmap
Aug 18 08:30:01 kata-shimv2 kernel:   Normal zone: 14942208 pages, LIFO batch:31
Aug 18 08:30:01 kata-shimv2 kernel: Reserved but unavailable: 98 pages
Aug 18 08:30:01 kata-shimv2 kernel: ACPI: PM-Timer IO Port: 0xb008
Aug 18 08:30:01 kata-shimv2 kernel: ACPI: Local APIC address 0xfee00000
Aug 18 08:30:01 kata-shimv2 kernel: ACPI: LAPIC_NMI (acpi_id[0xff] dfl dfl lint[0x1])
Aug 18 08:30:01 kata-shimv2 kernel: IOAPIC[0]: apic_id 0, version 17, address 0xfec00000, GSI 0-23
Aug 18 08:30:01 kata-shimv2 kernel: ACPI: INT_SRC_OVR (bus 0 bus_irq 5 global_irq 5 high level)
Aug 18 08:30:01 kata-shimv2 kernel: ACPI: INT_SRC_OVR (bus 0 bus_irq 9 global_irq 9 high level)
Aug 18 08:30:01 kata-shimv2 kernel: ACPI: INT_SRC_OVR (bus 0 bus_irq 10 global_irq 10 high level)
Aug 18 08:30:01 kata-shimv2 kernel: ACPI: INT_SRC_OVR (bus 0 bus_irq 11 global_irq 11 high level)
Aug 18 08:30:01 kata-shimv2 kernel: ACPI: IRQ5 used by override.
Aug 18 08:30:01 kata-shimv2 kernel: ACPI: IRQ9 used by override.
Aug 18 08:30:01 kata-shimv2 kernel: ACPI: IRQ10 used by override.
Aug 18 08:30:01 kata-shimv2 kernel: ACPI: IRQ11 used by override.
Aug 18 08:30:01 kata-shimv2 kernel: Using ACPI (MADT) for SMP configuration information
Aug 18 08:30:01 kata-shimv2 kernel: smpboot: Allowing 16 CPUs, 0 hotplug CPUs
Aug 18 08:30:01 kata-shimv2 kernel: PM: Registered nosave memory: [mem 0x00000000-0x00000fff]
Aug 18 08:30:01 kata-shimv2 kernel: PM: Registered nosave memory: [mem 0x0009f000-0x0009ffff]
Aug 18 08:30:01 kata-shimv2 kernel: PM: Registered nosave memory: [mem 0x000a0000-0x000effff]
Aug 18 08:30:01 kata-shimv2 kernel: PM: Registered nosave memory: [mem 0x000f0000-0x000fffff]
Aug 18 08:30:01 kata-shimv2 kernel: PM: Registered nosave memory: [mem 0xbfff3000-0xbfffffff]
Aug 18 08:30:01 kata-shimv2 kernel: PM: Registered nosave memory: [mem 0xc0000000-0xfffbbfff]
Aug 18 08:30:01 kata-shimv2 kernel: PM: Registered nosave memory: [mem 0xfffbc000-0xffffffff]
Aug 18 08:30:01 kata-shimv2 kernel: e820: [mem 0xc0000000-0xfffbbfff] available for PCI devices
Aug 18 08:30:01 kata-shimv2 kernel: Booting paravirtualized kernel on KVM
Aug 18 08:30:01 kata-shimv2 kernel: clocksource: refined-jiffies: mask: 0xffffffff max_cycles: 0xffffffff, max_idle_ns: 7645519600211568 ns
Aug 18 08:30:01 kata-shimv2 kernel: random: get_random_bytes called from start_kernel+0x9e/0x52a with crng_init=0
Aug 18 08:30:01 kata-shimv2 kernel: setup_percpu: NR_CPUS:8192 nr_cpumask_bits:16 nr_cpu_ids:16 nr_node_ids:1
Aug 18 08:30:01 kata-shimv2 kernel: percpu: Embedded 46 pages/cpu @        (ptrval) s151552 r8192 d28672 u262144
Aug 18 08:30:01 kata-shimv2 kernel: pcpu-alloc: s151552 r8192 d28672 u262144 alloc=1*2097152
Aug 18 08:30:01 kata-shimv2 kernel: pcpu-alloc: [0] 00 01 02 03 04 05 06 07 [0] 08 09 10 11 12 13 14 15 
Aug 18 08:30:01 kata-shimv2 kernel: Built 1 zonelists, mobility grouping on.  Total pages: 15482748
Aug 18 08:30:01 kata-shimv2 kernel: Policy zone: Normal
Aug 18 08:30:01 kata-shimv2 kernel: Kernel command line: BOOT_IMAGE=/boot/vmlinuz-4.15.0-1017-gcp root=LABEL=cloudimg-rootfs ro scsi_mod.use_blk_mq=Y console=ttyS0
Aug 18 08:30:01 kata-shimv2 kernel: Calgary: detecting Calgary via BIOS EBDA area
Aug 18 08:30:01 kata-shimv2 kernel: Calgary: Unable to locate Rio Grande table in EBDA - bailing!
Aug 18 08:30:01 kata-shimv2 kernel: Memory: 61817464K/62914116K available (12300K kernel code, 2473K rwdata, 4184K rodata, 2408K init, 2404K bss, 1096652K reserved, 0K cma-reserved)
Aug 18 08:30:01 kata-shimv2 kernel: SLUB: HWalign=64, Order=0-3, MinObjects=0, CPUs=16, Nodes=1
Aug 18 08:30:01 kata-shimv2 kernel: Kernel/User page tables isolation: enabled
Aug 18 08:30:01 kata-shimv2 kernel: ftrace: allocating 39302 entries in 154 pages
Aug 18 08:30:01 kata-shimv2 kernel: Hierarchical RCU implementation.
Aug 18 08:30:01 kata-shimv2 kernel:         RCU restricting CPUs from NR_CPUS=8192 to nr_cpu_ids=16.
Aug 18 08:30:01 kata-shimv2 kernel:         Tasks RCU enabled.
Aug 18 08:30:01 kata-shimv2 kernel: RCU: Adjusting geometry for rcu_fanout_leaf=16, nr_cpu_ids=16
Aug 18 08:30:01 kata-shimv2 kernel: NR_IRQS: 524544, nr_irqs: 552, preallocated irqs: 16
Aug 18 08:30:01 kata-shimv2 kernel: Console: colour VGA+ 80x25
Aug 18 08:30:01 kata-shimv2 kernel: console [ttyS0] enabled
Aug 18 08:30:01 kata-shimv2 kernel: ACPI: Core revision 20170831
Aug 18 08:30:01 kata-shimv2 kernel: ACPI: 2 ACPI AML tables successfully acquired and loaded
Aug 18 08:30:01 kata-shimv2 kernel: APIC: Switch to symmetric I/O mode setup
Aug 18 08:30:01 kata-shimv2 kernel: x2apic enabled
Aug 18 08:30:01 kata-shimv2 kernel: Switched APIC routing to physical x2apic.
Aug 18 08:30:01 kata-shimv2 kernel: ..TIMER: vector=0x30 apic1=0 pin1=0 apic2=-1 pin2=-1
Aug 18 08:30:01 kata-shimv2 kernel: tsc: Detected 2300.000 MHz processor
Aug 18 08:30:01 kata-shimv2 kernel: Calibrating delay loop (skipped) preset value.. 4600.00 BogoMIPS (lpj=9200000)
Aug 18 08:30:01 kata-shimv2 kernel: pid_max: default: 32768 minimum: 301
Aug 18 08:30:01 kata-shimv2 kernel: Security Framework initialized
Aug 18 08:30:01 kata-shimv2 kernel: Yama: becoming mindful.
Aug 18 08:30:01 kata-shimv2 kernel: AppArmor: AppArmor initialized
Aug 18 08:30:01 kata-shimv2 kernel: Dentry cache hash table entries: 8388608 (order: 14, 67108864 bytes)
Aug 18 08:30:01 kata-shimv2 kernel: Inode-cache hash table entries: 4194304 (order: 13, 33554432 bytes)
Aug 18 08:30:01 kata-shimv2 kernel: Mount-cache hash table entries: 131072 (order: 8, 1048576 bytes)
Aug 18 08:30:01 kata-shimv2 kernel: Mountpoint-cache hash table entries: 131072 (order: 8, 1048576 bytes)
Aug 18 08:30:01 kata-shimv2 kernel: mce: CPU supports 32 MCE banks
Aug 18 08:30:01 kata-shimv2 kernel: Last level iTLB entries: 4KB 1024, 2MB 1024, 4MB 1024
Aug 18 08:30:01 kata-shimv2 kernel: Last level dTLB entries: 4KB 1024, 2MB 1024, 4MB 1024, 1GB 4
Aug 18 08:30:01 kata-shimv2 kernel: Spectre V2 : Mitigation: Full generic retpoline
Aug 18 08:30:01 kata-shimv2 kernel: Speculative Store Bypass: Vulnerable
Aug 18 08:30:01 kata-shimv2 kernel: Freeing SMP alternatives memory: 36K
Aug 18 08:30:01 kata-shimv2 kernel: smpboot: CPU0: Intel(R) Xeon(R) CPU @ 2.30GHz (family: 0x6, model: 0x3f, stepping: 0x0)
Aug 18 08:30:01 kata-shimv2 kernel: Performance Events: unsupported p6 CPU model 63 no PMU driver, software events only.
Aug 18 08:30:01 kata-shimv2 kernel: Hierarchical SRCU implementation.
Aug 18 08:30:01 kata-shimv2 kernel: NMI watchdog: Perf event create on CPU 0 failed with -2
Aug 18 08:30:01 kata-shimv2 kernel: NMI watchdog: Perf NMI watchdog permanently disabled
Aug 18 08:30:01 kata-shimv2 kernel: smp: Bringing up secondary CPUs ...
Aug 18 08:30:01 kata-shimv2 kernel: x86: Booting SMP configuration:
Aug 18 08:30:01 kata-shimv2 kernel: .... node  #0, CPUs:        #1
Aug 18 08:30:01 kata-shimv2 kernel: kvm-clock: cpu 1, msr f:3ff54041, secondary cpu clock
Aug 18 08:30:01 kata-shimv2 kernel:   #2
Aug 18 08:30:01 kata-shimv2 kernel: kvm-clock: cpu 2, msr f:3ff54081, secondary cpu clock
Aug 18 08:30:01 kata-shimv2 kernel:   #3
Aug 18 08:30:01 kata-shimv2 kernel: kvm-clock: cpu 3, msr f:3ff540c1, secondary cpu clock
Aug 18 08:30:01 kata-shimv2 kernel:   #4
Aug 18 08:30:01 kata-shimv2 kernel: kvm-clock: cpu 4, msr f:3ff54101, secondary cpu clock
Aug 18 08:30:01 kata-shimv2 kernel:   #5
Aug 18 08:30:01 kata-shimv2 kernel: kvm-clock: cpu 5, msr f:3ff54141, secondary cpu clock
Aug 18 08:30:01 kata-shimv2 kernel:   #6
Aug 18 08:30:01 kata-shimv2 kernel: kvm-clock: cpu 6, msr f:3ff54181, secondary cpu clock
Aug 18 08:30:01 kata-shimv2 kernel:   #7
Aug 18 08:30:01 kata-shimv2 kernel: kvm-clock: cpu 7, msr f:3ff541c1, secondary cpu clock
Aug 18 08:30:01 kata-shimv2 kernel:   #8
Aug 18 08:30:01 kata-shimv2 kernel: kvm-clock: cpu 8, msr f:3ff54201, secondary cpu clock
Aug 18 08:30:01 kata-shimv2 kernel:   #9
Aug 18 08:30:01 kata-shimv2 kernel: kvm-clock: cpu 9, msr f:3ff54241, secondary cpu clock
Aug 18 08:30:01 kata-shimv2 kernel:  #10
Aug 18 08:30:01 kata-shimv2 kernel: kvm-clock: cpu 10, msr f:3ff54281, secondary cpu clock
Aug 18 08:30:01 kata-shimv2 kernel:  #11
Aug 18 08:30:01 kata-shimv2 kernel: kvm-clock: cpu 11, msr f:3ff542c1, secondary cpu clock
Aug 18 08:30:01 kata-shimv2 kernel:  #12
Aug 18 08:30:01 kata-shimv2 kernel: kvm-clock: cpu 12, msr f:3ff54301, secondary cpu clock
Aug 18 08:30:01 kata-shimv2 kernel:  #13
Aug 18 08:30:01 kata-shimv2 kernel: kvm-clock: cpu 13, msr f:3ff54341, secondary cpu clock
Aug 18 08:30:01 kata-shimv2 kernel:  #14
Aug 18 08:30:01 kata-shimv2 kernel: kvm-clock: cpu 14, msr f:3ff54381, secondary cpu clock
Aug 18 08:30:01 kata-shimv2 kernel:  #15
Aug 18 08:30:01 kata-shimv2 kernel: kvm-clock: cpu 15, msr f:3ff543c1, secondary cpu clock
Aug 18 08:30:01 kata-shimv2 kernel: smp: Brought up 1 node, 16 CPUs
Aug 18 08:30:01 kata-shimv2 kernel: smpboot: Max logical packages: 1
Aug 18 08:30:01 kata-shimv2 kernel: smpboot: Total of 16 processors activated (73600.00 BogoMIPS)
Aug 18 08:30:01 kata-shimv2 kernel: devtmpfs: initialized
Aug 18 08:30:01 kata-shimv2 kernel: x86/mm: Memory block size: 128MB
Aug 18 08:30:01 kata-shimv2 kernel: evm: security.selinux
Aug 18 08:30:01 kata-shimv2 kernel: evm: security.SMACK64
Aug 18 08:30:01 kata-shimv2 kernel: evm: security.SMACK64EXEC
Aug 18 08:30:01 kata-shimv2 kernel: evm: security.SMACK64TRANSMUTE
Aug 18 08:30:01 kata-shimv2 kernel: evm: security.SMACK64MMAP
Aug 18 08:30:01 kata-shimv2 kernel: evm: security.apparmor
Aug 18 08:30:01 kata-shimv2 kernel: evm: security.ima
Aug 18 08:30:01 kata-shimv2 kernel: evm: security.capability
Aug 18 08:30:01 kata-shimv2 kernel: clocksource: jiffies: mask: 0xffffffff max_cycles: 0xffffffff, max_idle_ns: 7645041785100000 ns
Aug 18 08:30:01 kata-shimv2 kernel: futex hash table entries: 4096 (order: 6, 262144 bytes)
Aug 18 08:30:01 kata-shimv2 kernel: pinctrl core: initialized pinctrl subsystem
Aug 18 08:30:01 kata-shimv2 kernel: RTC time:  8:29:54, date: 08/18/18
Aug 18 08:30:01 kata-shimv2 kernel: NET: Registered protocol family 16
Aug 18 08:30:01 kata-shimv2 kernel: audit: initializing netlink subsys (disabled)
Aug 18 08:30:01 kata-shimv2 kernel: audit: type=2000 audit(1534580994.010:1): state=initialized audit_enabled=0 res=1
Aug 18 08:30:01 kata-shimv2 kernel: cpuidle: using governor ladder
Aug 18 08:30:01 kata-shimv2 kernel: cpuidle: using governor menu
Aug 18 08:30:01 kata-shimv2 kernel: ACPI: bus type PCI registered
Aug 18 08:30:01 kata-shimv2 kernel: acpiphp: ACPI Hot Plug PCI Controller Driver version: 0.5
Aug 18 08:30:01 kata-shimv2 kernel: PCI: Using configuration type 1 for base access
Aug 18 08:30:01 kata-shimv2 kernel: HugeTLB registered 1.00 GiB page size, pre-allocated 0 pages
Aug 18 08:30:01 kata-shimv2 kernel: HugeTLB registered 2.00 MiB page size, pre-allocated 0 pages
Aug 18 08:30:01 kata-shimv2 kernel: ACPI: Added _OSI(Module Device)
Aug 18 08:30:01 kata-shimv2 kernel: ACPI: Added _OSI(Processor Device)
Aug 18 08:30:01 kata-shimv2 kernel: ACPI: Added _OSI(3.0 _SCP Extensions)
Aug 18 08:30:01 kata-shimv2 kernel: ACPI: Added _OSI(Processor Aggregator Device)
Aug 18 08:30:01 kata-shimv2 kernel: ACPI: Added _OSI(Linux-Dell-Video)
Aug 18 08:30:01 kata-shimv2 kernel: ACPI: Executed 2 blocks of module-level executable AML code
Aug 18 08:30:01 kata-shimv2 kernel: ACPI: Interpreter enabled
Aug 18 08:30:01 kata-shimv2 kernel: ACPI: (supports S0 S3 S4 S5)
Aug 18 08:30:01 kata-shimv2 kernel: ACPI: Using IOAPIC for interrupt routing
Aug 18 08:30:01 kata-shimv2 kernel: PCI: Using host bridge windows from ACPI; if necessary, use "pci=nocrs" and report a bug
Aug 18 08:30:01 kata-shimv2 kernel: ACPI: Enabled 16 GPEs in block 00 to 0F
Aug 18 08:30:01 kata-shimv2 kernel: ACPI: PCI Root Bridge [PCI0] (domain 0000 [bus 00-ff])
Aug 18 08:30:01 kata-shimv2 kernel: acpi PNP0A03:00: _OSC: OS supports [ASPM ClockPM Segments MSI]
Aug 18 08:30:01 kata-shimv2 kernel: acpi PNP0A03:00: _OSC failed (AE_NOT_FOUND); disabling ASPM
Aug 18 08:30:01 kata-shimv2 kernel: acpi PNP0A03:00: fail to add MMCONFIG information, can't access extended PCI configuration space under this bridge.
Aug 18 08:30:01 kata-shimv2 kernel: PCI host bridge to bus 0000:00
Aug 18 08:30:01 kata-shimv2 kernel: pci_bus 0000:00: root bus resource [io  0x0000-0x0cf7 window]
Aug 18 08:30:01 kata-shimv2 kernel: pci_bus 0000:00: root bus resource [io  0x0d00-0xffff window]
Aug 18 08:30:01 kata-shimv2 kernel: pci_bus 0000:00: root bus resource [mem 0x000a0000-0x000bffff window]
Aug 18 08:30:01 kata-shimv2 kernel: pci_bus 0000:00: root bus resource [mem 0xc0000000-0xfebfffff window]
Aug 18 08:30:01 kata-shimv2 kernel: pci_bus 0000:00: root bus resource [bus 00-ff]
Aug 18 08:30:01 kata-shimv2 kernel: pci 0000:00:00.0: [8086:1237] type 00 class 0x060000
Aug 18 08:30:01 kata-shimv2 kernel: pci 0000:00:01.0: [8086:7110] type 00 class 0x060100
Aug 18 08:30:01 kata-shimv2 kernel: pci 0000:00:01.3: [8086:7113] type 00 class 0x068000
Aug 18 08:30:01 kata-shimv2 kernel: pci 0000:00:01.3: quirk: [io  0xb000-0xb03f] claimed by PIIX4 ACPI
Aug 18 08:30:01 kata-shimv2 kernel: pci 0000:00:03.0: [1af4:1004] type 00 class 0x000000
Aug 18 08:30:01 kata-shimv2 kernel: pci 0000:00:03.0: reg 0x10: [io  0xc000-0xc03f]
Aug 18 08:30:01 kata-shimv2 kernel: pci 0000:00:03.0: reg 0x14: [mem 0xfebfe000-0xfebfe07f]
Aug 18 08:30:01 kata-shimv2 kernel: pci 0000:00:04.0: [1af4:1000] type 00 class 0x020000
Aug 18 08:30:01 kata-shimv2 kernel: pci 0000:00:04.0: reg 0x10: [io  0xc040-0xc07f]
Aug 18 08:30:01 kata-shimv2 kernel: pci 0000:00:04.0: reg 0x14: [mem 0xfebff000-0xfebff3ff]
Aug 18 08:30:01 kata-shimv2 kernel: ACPI: PCI Interrupt Link [LNKA] (IRQs 5 *10 11)
Aug 18 08:30:01 kata-shimv2 kernel: ACPI: PCI Interrupt Link [LNKB] (IRQs 5 *10 11)
Aug 18 08:30:01 kata-shimv2 kernel: ACPI: PCI Interrupt Link [LNKC] (IRQs 5 10 *11)
Aug 18 08:30:01 kata-shimv2 kernel: ACPI: PCI Interrupt Link [LNKD] (IRQs 5 10 *11)
Aug 18 08:30:01 kata-shimv2 kernel: ACPI: PCI Interrupt Link [LNKS] (IRQs *9)
Aug 18 08:30:01 kata-shimv2 kernel: SCSI subsystem initialized
Aug 18 08:30:01 kata-shimv2 kernel: libata version 3.00 loaded.
Aug 18 08:30:01 kata-shimv2 kernel: vgaarb: loaded
Aug 18 08:30:01 kata-shimv2 kernel: ACPI: bus type USB registered
Aug 18 08:30:01 kata-shimv2 kernel: usbcore: registered new interface driver usbfs
Aug 18 08:30:01 kata-shimv2 kernel: usbcore: registered new interface driver hub
Aug 18 08:30:01 kata-shimv2 kernel: usbcore: registered new device driver usb
Aug 18 08:30:01 kata-shimv2 kernel: EDAC MC: Ver: 3.0.0
Aug 18 08:30:01 kata-shimv2 kernel: PCI: Using ACPI for IRQ routing
Aug 18 08:30:01 kata-shimv2 kernel: PCI: pci_cache_line_size set to 64 bytes
Aug 18 08:30:01 kata-shimv2 kernel: e820: reserve RAM buffer [mem 0x0009fc00-0x0009ffff]
Aug 18 08:30:01 kata-shimv2 kernel: e820: reserve RAM buffer [mem 0xbfff3000-0xbfffffff]
Aug 18 08:30:01 kata-shimv2 kernel: NetLabel: Initializing
Aug 18 08:30:01 kata-shimv2 kernel: NetLabel:  domain hash size = 128
Aug 18 08:30:01 kata-shimv2 kernel: NetLabel:  protocols = UNLABELED CIPSOv4 CALIPSO
Aug 18 08:30:01 kata-shimv2 kernel: NetLabel:  unlabeled traffic allowed by default
Aug 18 08:30:01 kata-shimv2 kernel: clocksource: Switched to clocksource kvm-clock
Aug 18 08:30:01 kata-shimv2 kernel: VFS: Disk quotas dquot_6.6.0
Aug 18 08:30:01 kata-shimv2 kernel: VFS: Dquot-cache hash table entries: 512 (order 0, 4096 bytes)
Aug 18 08:30:01 kata-shimv2 kernel: AppArmor: AppArmor Filesystem Enabled
Aug 18 08:30:01 kata-shimv2 kernel: pnp: PnP ACPI init
Aug 18 08:30:01 kata-shimv2 kernel: pnp 00:00: Plug and Play ACPI device, IDs PNP0b00 (active)
Aug 18 08:30:01 kata-shimv2 kernel: pnp 00:01: Plug and Play ACPI device, IDs PNP0303 (active)
Aug 18 08:30:01 kata-shimv2 kernel: pnp 00:02: Plug and Play ACPI device, IDs PNP0f13 (active)
Aug 18 08:30:01 kata-shimv2 kernel: pnp 00:03: Plug and Play ACPI device, IDs PNP0501 (active)
Aug 18 08:30:01 kata-shimv2 kernel: pnp 00:04: Plug and Play ACPI device, IDs PNP0501 (active)
Aug 18 08:30:01 kata-shimv2 kernel: pnp 00:05: Plug and Play ACPI device, IDs PNP0501 (active)
Aug 18 08:30:01 kata-shimv2 kernel: pnp 00:06: Plug and Play ACPI device, IDs PNP0501 (active)
Aug 18 08:30:01 kata-shimv2 kernel: pnp: PnP ACPI: found 7 devices
Aug 18 08:30:01 kata-shimv2 kernel: clocksource: acpi_pm: mask: 0xffffff max_cycles: 0xffffff, max_idle_ns: 2085701024 ns
Aug 18 08:30:01 kata-shimv2 kernel: pci_bus 0000:00: resource 4 [io  0x0000-0x0cf7 window]
Aug 18 08:30:01 kata-shimv2 kernel: pci_bus 0000:00: resource 5 [io  0x0d00-0xffff window]
Aug 18 08:30:01 kata-shimv2 kernel: pci_bus 0000:00: resource 6 [mem 0x000a0000-0x000bffff window]
Aug 18 08:30:01 kata-shimv2 kernel: pci_bus 0000:00: resource 7 [mem 0xc0000000-0xfebfffff window]
Aug 18 08:30:01 kata-shimv2 kernel: NET: Registered protocol family 2
Aug 18 08:30:01 kata-shimv2 kernel: TCP established hash table entries: 524288 (order: 10, 4194304 bytes)
Aug 18 08:30:01 kata-shimv2 kernel: TCP bind hash table entries: 65536 (order: 8, 1048576 bytes)
Aug 18 08:30:01 kata-shimv2 kernel: TCP: Hash tables configured (established 524288 bind 65536)
Aug 18 08:30:01 kata-shimv2 kernel: UDP hash table entries: 32768 (order: 8, 1048576 bytes)
Aug 18 08:30:01 kata-shimv2 kernel: UDP-Lite hash table entries: 32768 (order: 8, 1048576 bytes)
Aug 18 08:30:01 kata-shimv2 kernel: NET: Registered protocol family 1
Aug 18 08:30:01 kata-shimv2 kernel: pci 0000:00:00.0: Limiting direct PCI/PCI transfers
Aug 18 08:30:01 kata-shimv2 kernel: PCI: CLS 0 bytes, default 64
Aug 18 08:30:01 kata-shimv2 kernel: Unpacking initramfs...
Aug 18 08:30:01 kata-shimv2 kernel: Freeing initrd memory: 15924K
Aug 18 08:30:01 kata-shimv2 kernel: PCI-DMA: Using software bounce buffering for IO (SWIOTLB)
Aug 18 08:30:01 kata-shimv2 kernel: software IO TLB [mem 0xbbff3000-0xbfff3000] (64MB) mapped at [        (ptrval)-        (ptrval)]
Aug 18 08:30:01 kata-shimv2 kernel: Scanning for low memory corruption every 60 seconds
Aug 18 08:30:01 kata-shimv2 kernel: Initialise system trusted keyrings
Aug 18 08:30:01 kata-shimv2 kernel: Key type blacklist registered
Aug 18 08:30:01 kata-shimv2 kernel: workingset: timestamp_bits=36 max_order=24 bucket_order=0
Aug 18 08:30:01 kata-shimv2 kernel: zbud: loaded
Aug 18 08:30:01 kata-shimv2 kernel: squashfs: version 4.0 (2009/01/31) Phillip Lougher
Aug 18 08:30:01 kata-shimv2 kernel: fuse init (API version 7.26)
Aug 18 08:30:01 kata-shimv2 kernel: Key type asymmetric registered
Aug 18 08:30:01 kata-shimv2 kernel: Asymmetric key parser 'x509' registered
Aug 18 08:30:01 kata-shimv2 kernel: Block layer SCSI generic (bsg) driver version 0.4 loaded (major 246)
Aug 18 08:30:01 kata-shimv2 kernel: io scheduler noop registered
Aug 18 08:30:01 kata-shimv2 kernel: io scheduler deadline registered
Aug 18 08:30:01 kata-shimv2 kernel: io scheduler cfq registered (default)
Aug 18 08:30:01 kata-shimv2 kernel: intel_idle: Please enable MWAIT in BIOS SETUP
Aug 18 08:30:01 kata-shimv2 kernel: input: Power Button as /devices/LNXSYSTM:00/LNXPWRBN:00/input/input0
Aug 18 08:30:01 kata-shimv2 kernel: ACPI: Power Button [PWRF]
Aug 18 08:30:01 kata-shimv2 kernel: input: Sleep Button as /devices/LNXSYSTM:00/LNXSLPBN:00/input/input1
Aug 18 08:30:01 kata-shimv2 kernel: ACPI: Sleep Button [SLPF]
Aug 18 08:30:01 kata-shimv2 kernel: ACPI: PCI Interrupt Link [LNKC] enabled at IRQ 11
Aug 18 08:30:01 kata-shimv2 kernel: virtio-pci 0000:00:03.0: virtio_pci: leaving for legacy driver
Aug 18 08:30:01 kata-shimv2 kernel: ACPI: PCI Interrupt Link [LNKD] enabled at IRQ 10
Aug 18 08:30:01 kata-shimv2 kernel: virtio-pci 0000:00:04.0: virtio_pci: leaving for legacy driver
Aug 18 08:30:01 kata-shimv2 kernel: Serial: 8250/16550 driver, 32 ports, IRQ sharing enabled
Aug 18 08:30:01 kata-shimv2 kernel: 00:03: ttyS0 at I/O 0x3f8 (irq = 4, base_baud = 115200) is a 16550A
Aug 18 08:30:01 kata-shimv2 kernel: 00:04: ttyS1 at I/O 0x2f8 (irq = 3, base_baud = 115200) is a 16550A
Aug 18 08:30:01 kata-shimv2 kernel: 00:05: ttyS2 at I/O 0x3e8 (irq = 6, base_baud = 115200) is a 16550A
Aug 18 08:30:01 kata-shimv2 kernel: 00:06: ttyS3 at I/O 0x2e8 (irq = 7, base_baud = 115200) is a 16550A
Aug 18 08:30:01 kata-shimv2 kernel: Linux agpgart interface v0.103
Aug 18 08:30:01 kata-shimv2 kernel: loop: module loaded
Aug 18 08:30:01 kata-shimv2 kernel: scsi host0: Virtio SCSI HBA
Aug 18 08:30:01 kata-shimv2 kernel: libphy: Fixed MDIO Bus: probed
Aug 18 08:30:01 kata-shimv2 kernel: tun: Universal TUN/TAP device driver, 1.6
Aug 18 08:30:01 kata-shimv2 kernel: PPP generic driver version 2.4.2
Aug 18 08:30:01 kata-shimv2 kernel: scsi 0:0:1:0: Direct-Access     Google   PersistentDisk   1    PQ: 0 ANSI: 6
Aug 18 08:30:01 kata-shimv2 kernel: ehci_hcd: USB 2.0 'Enhanced' Host Controller (EHCI) Driver
Aug 18 08:30:01 kata-shimv2 kernel: ehci-pci: EHCI PCI platform driver
Aug 18 08:30:01 kata-shimv2 kernel: ehci-platform: EHCI generic platform driver
Aug 18 08:30:01 kata-shimv2 kernel: ohci_hcd: USB 1.1 'Open' Host Controller (OHCI) Driver
Aug 18 08:30:01 kata-shimv2 kernel: ohci-pci: OHCI PCI platform driver
Aug 18 08:30:01 kata-shimv2 kernel: ohci-platform: OHCI generic platform driver
Aug 18 08:30:01 kata-shimv2 kernel: uhci_hcd: USB Universal Host Controller Interface driver
Aug 18 08:30:01 kata-shimv2 kernel: i8042: PNP: PS/2 Controller [PNP0303:KBD,PNP0f13:MOU] at 0x60,0x64 irq 1,12
Aug 18 08:30:01 kata-shimv2 kernel: i8042: Warning: Keylock active
Aug 18 08:30:01 kata-shimv2 kernel: serio: i8042 KBD port at 0x60,0x64 irq 1
Aug 18 08:30:01 kata-shimv2 kernel: serio: i8042 AUX port at 0x60,0x64 irq 12
Aug 18 08:30:01 kata-shimv2 kernel: mousedev: PS/2 mouse device common for all mice
Aug 18 08:30:01 kata-shimv2 kernel: rtc_cmos 00:00: RTC can wake from S4
Aug 18 08:30:01 kata-shimv2 kernel: rtc_cmos 00:00: rtc core: registered rtc_cmos as rtc0
Aug 18 08:30:01 kata-shimv2 kernel: rtc_cmos 00:00: alarms up to one day, 114 bytes nvram
Aug 18 08:30:01 kata-shimv2 kernel: i2c /dev entries driver
Aug 18 08:30:01 kata-shimv2 kernel: device-mapper: uevent: version 1.0.3
Aug 18 08:30:01 kata-shimv2 kernel: device-mapper: ioctl: 4.37.0-ioctl (2017-09-20) initialised: dm-devel@redhat.com
Aug 18 08:30:01 kata-shimv2 kernel: ledtrig-cpu: registered to indicate activity on CPUs
Aug 18 08:30:01 kata-shimv2 kernel: Netfilter messages via NETLINK v0.30.
Aug 18 08:30:01 kata-shimv2 kernel: nf_conntrack version 0.5.0 (65536 buckets, 262144 max)
Aug 18 08:30:01 kata-shimv2 kernel: ctnetlink v0.93: registering with nfnetlink.
Aug 18 08:30:01 kata-shimv2 kernel: NET: Registered protocol family 10
Aug 18 08:30:01 kata-shimv2 kernel: Segment Routing with IPv6
Aug 18 08:30:01 kata-shimv2 kernel: NET: Registered protocol family 17
Aug 18 08:30:01 kata-shimv2 kernel: Key type dns_resolver registered
Aug 18 08:30:01 kata-shimv2 kernel: RAS: Correctable Errors collector initialized.
Aug 18 08:30:01 kata-shimv2 kernel: sched_clock: Marking stable (961942675, 0)->(2043887236, -1081944561)
Aug 18 08:30:01 kata-shimv2 kernel: registered taskstats version 1
Aug 18 08:30:01 kata-shimv2 kernel: Loading compiled-in X.509 certificates
Aug 18 08:30:01 kata-shimv2 kernel: Loaded X.509 cert 'Build time autogenerated kernel key: 594124aed05d467c3268943af1ccd389b3687d33'
Aug 18 08:30:01 kata-shimv2 kernel: zswap: loaded using pool lzo/zbud
Aug 18 08:30:01 kata-shimv2 kernel: Key type big_key registered
Aug 18 08:30:01 kata-shimv2 kernel: Key type trusted registered
Aug 18 08:30:01 kata-shimv2 kernel: Key type encrypted registered
Aug 18 08:30:01 kata-shimv2 kernel: AppArmor: AppArmor sha1 policy hashing enabled
Aug 18 08:30:01 kata-shimv2 kernel: ima: No TPM chip found, activating TPM-bypass! (rc=-19)
Aug 18 08:30:01 kata-shimv2 kernel: evm: HMAC attrs: 0x1
Aug 18 08:30:01 kata-shimv2 kernel:   Magic number: 14:138:473
Aug 18 08:30:01 kata-shimv2 kernel: rtc_cmos 00:00: setting system clock to 2018-08-18 08:29:55 UTC (1534580995)
Aug 18 08:30:01 kata-shimv2 kernel: BIOS EDD facility v0.16 2004-Jun-25, 0 devices found
Aug 18 08:30:01 kata-shimv2 kernel: EDD information not available.
Aug 18 08:30:01 kata-shimv2 kernel: random: fast init done
Aug 18 08:30:01 kata-shimv2 kernel: sd 0:0:1:0: Attached scsi generic sg0 type 0
Aug 18 08:30:01 kata-shimv2 kernel: sd 0:0:1:0: [sda] 125829120 512-byte logical blocks: (64.4 GB/60.0 GiB)
Aug 18 08:30:01 kata-shimv2 kernel: sd 0:0:1:0: [sda] 4096-byte physical blocks
Aug 18 08:30:01 kata-shimv2 kernel: sd 0:0:1:0: [sda] Write Protect is off
Aug 18 08:30:01 kata-shimv2 kernel: sd 0:0:1:0: [sda] Mode Sense: 1f 00 00 08
Aug 18 08:30:01 kata-shimv2 kernel: sd 0:0:1:0: [sda] Write cache: enabled, read cache: enabled, doesn't support DPO or FUA
Aug 18 08:30:01 kata-shimv2 kernel:  sda: sda1
Aug 18 08:30:01 kata-shimv2 kernel: sd 0:0:1:0: [sda] Attached SCSI disk
Aug 18 08:30:01 kata-shimv2 kernel: Freeing unused kernel memory: 2408K
Aug 18 08:30:01 kata-shimv2 kernel: input: AT Translated Set 2 keyboard as /devices/platform/i8042/serio0/input/input2
Aug 18 08:30:01 kata-shimv2 kernel: Write protecting the kernel read-only data: 20480k
Aug 18 08:30:01 kata-shimv2 kernel: Freeing unused kernel memory: 2008K
Aug 18 08:30:01 kata-shimv2 kernel: Freeing unused kernel memory: 1960K
Aug 18 08:30:01 kata-shimv2 kernel: x86/mm: Checked W+X mappings: passed, no W+X pages found.
Aug 18 08:30:01 kata-shimv2 kernel: x86/mm: Checking user space page tables
Aug 18 08:30:01 kata-shimv2 kernel: x86/mm: Checked W+X mappings: passed, no W+X pages found.
Aug 18 08:30:01 kata-shimv2 kernel: random: systemd-udevd: uninitialized urandom read (16 bytes read)
Aug 18 08:30:01 kata-shimv2 kernel: random: udevadm: uninitialized urandom read (16 bytes read)
Aug 18 08:30:01 kata-shimv2 kernel: random: udevadm: uninitialized urandom read (16 bytes read)
Aug 18 08:30:01 kata-shimv2 kernel: random: systemd-udevd: uninitialized urandom read (16 bytes read)
Aug 18 08:30:01 kata-shimv2 kernel: random: systemd-udevd: uninitialized urandom read (16 bytes read)
Aug 18 08:30:01 kata-shimv2 kernel: random: systemd-udevd: uninitialized urandom read (16 bytes read)
Aug 18 08:30:01 kata-shimv2 kernel: random: systemd-udevd: uninitialized urandom read (16 bytes read)
Aug 18 08:30:01 kata-shimv2 kernel: random: systemd-udevd: uninitialized urandom read (16 bytes read)
Aug 18 08:30:01 kata-shimv2 kernel: random: udevadm: uninitialized urandom read (16 bytes read)
Aug 18 08:30:01 kata-shimv2 kernel: random: udevadm: uninitialized urandom read (16 bytes read)
Aug 18 08:30:01 kata-shimv2 kernel: AVX2 version of gcm_enc/dec engaged.
Aug 18 08:30:01 kata-shimv2 kernel: AES CTR mode by8 optimization enabled
Aug 18 08:30:01 kata-shimv2 kernel: virtio_net virtio1 ens4: renamed from eth0
Aug 18 08:30:01 kata-shimv2 kernel: tsc: Refined TSC clocksource calibration: 2299.998 MHz
Aug 18 08:30:01 kata-shimv2 kernel: clocksource: tsc: mask: 0xffffffffffffffff max_cycles: 0x212733415c7, max_idle_ns: 440795236380 ns
Aug 18 08:30:01 kata-shimv2 kernel: input: ImExPS/2 Generic Explorer Mouse as /devices/platform/i8042/serio1/input/input4
Aug 18 08:30:01 kata-shimv2 kernel: raid6: sse2x1   gen()  8673 MB/s
Aug 18 08:30:01 kata-shimv2 kernel: raid6: sse2x1   xor()  6411 MB/s
Aug 18 08:30:01 kata-shimv2 kernel: raid6: sse2x2   gen() 10683 MB/s
Aug 18 08:30:01 kata-shimv2 kernel: raid6: sse2x2   xor()  7013 MB/s
Aug 18 08:30:01 kata-shimv2 kernel: raid6: sse2x4   gen() 12357 MB/s
Aug 18 08:30:01 kata-shimv2 kernel: raid6: sse2x4   xor()  8564 MB/s
Aug 18 08:30:01 kata-shimv2 kernel: raid6: avx2x1   gen() 16753 MB/s
Aug 18 08:30:01 kata-shimv2 kernel: raid6: avx2x1   xor() 11985 MB/s
Aug 18 08:30:01 kata-shimv2 kernel: raid6: avx2x2   gen() 19795 MB/s
Aug 18 08:30:01 kata-shimv2 kernel: raid6: avx2x2   xor() 12684 MB/s
Aug 18 08:30:01 kata-shimv2 kernel: raid6: avx2x4   gen() 21977 MB/s
Aug 18 08:30:01 kata-shimv2 kernel: raid6: avx2x4   xor() 14156 MB/s
Aug 18 08:30:01 kata-shimv2 kernel: raid6: using algorithm avx2x4 gen() 21977 MB/s
Aug 18 08:30:01 kata-shimv2 kernel: raid6: .... xor() 14156 MB/s, rmw enabled
Aug 18 08:30:01 kata-shimv2 kernel: raid6: using avx2x2 recovery algorithm
Aug 18 08:30:01 kata-shimv2 kernel: xor: automatically using best checksumming function   avx       
Aug 18 08:30:01 kata-shimv2 kernel: async_tx: api initialized (async)
Aug 18 08:30:01 kata-shimv2 kernel: Btrfs loaded, crc32c=crc32c-intel
Aug 18 08:30:01 kata-shimv2 kernel: EXT4-fs (sda1): mounted filesystem with ordered data mode. Opts: (null)
Aug 18 08:30:01 kata-shimv2 systemd[1]: systemd 229 running in system mode. (+PAM +AUDIT +SELINUX +IMA +APPARMOR +SMACK +SYSVINIT +UTMP +LIBCRYPTSETUP +GCRYPT +GNUTLS +ACL +XZ -LZ4 +SECCOMP +BLKID +ELFUTILS +KMOD -IDN)
Aug 18 08:30:01 kata-shimv2 systemd[1]: Detected virtualization kvm.
Aug 18 08:30:01 kata-shimv2 systemd[1]: Detected architecture x86-64.
Aug 18 08:30:01 kata-shimv2 systemd[1]: Set hostname to <kata-shimv2>.
Aug 18 08:30:01 kata-shimv2 systemd[1]: Reached target Encrypted Volumes.
Aug 18 08:30:01 kata-shimv2 systemd[1]: Listening on Device-mapper event daemon FIFOs.
Aug 18 08:30:01 kata-shimv2 systemd[1]: Listening on Journal Socket.
Aug 18 08:30:01 kata-shimv2 systemd[1]: Created slice System Slice.
Aug 18 08:30:01 kata-shimv2 systemd[1]: Starting Load Kernel Modules...
Aug 18 08:30:01 kata-shimv2 systemd[1]: Starting Create list of required static device nodes for the current kernel...
Aug 18 08:30:01 kata-shimv2 kernel: Loading iSCSI transport class v2.0-870.
Aug 18 08:30:01 kata-shimv2 kernel: iscsi: registered transport (tcp)
Aug 18 08:30:01 kata-shimv2 kernel: iscsi: registered transport (iser)
Aug 18 08:30:01 kata-shimv2 kernel: EXT4-fs (sda1): re-mounted. Opts: (null)
Aug 18 08:30:01 kata-shimv2 kernel: VPID CAP should not exist if not support 1-setting enable VPID VM-execution control
Aug 18 08:30:02 kata-shimv2 kernel: audit: type=1400 audit(1534581002.660:2): apparmor="STATUS" operation="profile_load" profile="unconfined" name="/usr/bin/lxc-start" pid=895 comm="apparmor_parser"
Aug 18 08:30:02 kata-shimv2 kernel: audit: type=1400 audit(1534581002.696:3): apparmor="STATUS" operation="profile_load" profile="unconfined" name="lxc-container-default" pid=893 comm="apparmor_parser"
Aug 18 08:30:02 kata-shimv2 kernel: audit: type=1400 audit(1534581002.696:4): apparmor="STATUS" operation="profile_load" profile="unconfined" name="lxc-container-default-cgns" pid=893 comm="apparmor_parser"
Aug 18 08:30:02 kata-shimv2 kernel: audit: type=1400 audit(1534581002.696:5): apparmor="STATUS" operation="profile_load" profile="unconfined" name="lxc-container-default-with-mounting" pid=893 comm="apparmor_parser"
Aug 18 08:30:02 kata-shimv2 kernel: audit: type=1400 audit(1534581002.696:6): apparmor="STATUS" operation="profile_load" profile="unconfined" name="lxc-container-default-with-nesting" pid=893 comm="apparmor_parser"
Aug 18 08:30:02 kata-shimv2 kernel: audit: type=1400 audit(1534581002.704:7): apparmor="STATUS" operation="profile_load" profile="unconfined" name="/usr/lib/snapd/snap-confine" pid=897 comm="apparmor_parser"
Aug 18 08:30:02 kata-shimv2 kernel: audit: type=1400 audit(1534581002.704:8): apparmor="STATUS" operation="profile_load" profile="unconfined" name="/usr/lib/snapd/snap-confine//mount-namespace-capture-helper" pid=897 comm="apparmor_parser"
Aug 18 08:30:02 kata-shimv2 kernel: audit: type=1400 audit(1534581002.712:9): apparmor="STATUS" operation="profile_load" profile="unconfined" name="/usr/sbin/tcpdump" pid=900 comm="apparmor_parser"
Aug 18 08:30:02 kata-shimv2 kernel: audit: type=1400 audit(1534581002.720:10): apparmor="STATUS" operation="profile_load" profile="unconfined" name="/sbin/dhclient" pid=894 comm="apparmor_parser"
Aug 18 08:30:02 kata-shimv2 kernel: audit: type=1400 audit(1534581002.720:11): apparmor="STATUS" operation="profile_load" profile="unconfined" name="/usr/lib/NetworkManager/nm-dhcp-client.action" pid=894 comm="apparmor_parser"
Aug 18 08:30:09 kata-shim-v2 kernel: new mount options do not match the existing superblock, will be ignored
Aug 18 08:30:09 kata-shim-v2 kernel: ip_tables: (C) 2000-2006 Netfilter Core Team
Aug 18 08:30:09 kata-shim-v2 kernel: ip6_tables: (C) 2000-2006 Netfilter Core Team
Aug 18 08:30:12 kata-shim-v2 kernel: aufs 4.15-20180219
Aug 18 08:30:12 kata-shim-v2 kernel: kauditd_printk_skb: 4 callbacks suppressed
Aug 18 08:30:12 kata-shim-v2 kernel: audit: type=1400 audit(1534581012.520:16): apparmor="STATUS" operation="profile_load" profile="unconfined" name="docker-default" pid=1828 comm="apparmor_parser"
Aug 18 08:30:13 kata-shim-v2 kernel: bridge: filtering via arp/ip/ip6tables is no longer available by default. Update your scripts to load br_netfilter if you need this.
Aug 18 08:30:13 kata-shim-v2 kernel: Bridge firewalling registered
Aug 18 08:30:13 kata-shim-v2 kernel: Initializing XFRM netlink socket
Aug 18 08:30:13 kata-shim-v2 kernel: IPv6: ADDRCONF(NETDEV_UP): docker0: link is not ready
Aug 18 08:30:14 kata-shim-v2 kernel: random: crng init done
Aug 18 08:33:16 kata-shim-v2 kernel: device cni0 entered promiscuous mode
Aug 18 08:33:16 kata-shim-v2 kernel: IPv6: ADDRCONF(NETDEV_UP): eth0: link is not ready
Aug 18 08:33:16 kata-shim-v2 kernel: IPv6: ADDRCONF(NETDEV_UP): eth0: link is not ready
Aug 18 08:33:16 kata-shim-v2 kernel: IPv6: ADDRCONF(NETDEV_UP): eth0: link is not ready
Aug 18 08:33:16 kata-shim-v2 kernel: IPv6: ADDRCONF(NETDEV_UP): eth0: link is not ready
Aug 18 08:33:16 kata-shim-v2 kernel: IPv6: ADDRCONF(NETDEV_UP): eth0: link is not ready
Aug 18 08:33:16 kata-shim-v2 kernel: IPv6: ADDRCONF(NETDEV_UP): veth1394c919: link is not ready
Aug 18 08:33:16 kata-shim-v2 kernel: IPv6: ADDRCONF(NETDEV_UP): eth0: link is not ready
Aug 18 08:33:16 kata-shim-v2 kernel: IPv6: ADDRCONF(NETDEV_CHANGE): veth1394c919: link becomes ready
Aug 18 08:33:16 kata-shim-v2 kernel: IPv6: ADDRCONF(NETDEV_CHANGE): eth0: link becomes ready
Aug 18 08:33:16 kata-shim-v2 kernel: cni0: port 1(veth1394c919) entered blocking state
Aug 18 08:33:16 kata-shim-v2 kernel: cni0: port 1(veth1394c919) entered disabled state
Aug 18 08:33:16 kata-shim-v2 kernel: device veth1394c919 entered promiscuous mode
Aug 18 08:33:16 kata-shim-v2 kernel: cni0: port 1(veth1394c919) entered blocking state
Aug 18 08:33:16 kata-shim-v2 kernel: cni0: port 1(veth1394c919) entered forwarding state
Aug 18 08:33:16 kata-shim-v2 kernel: IPv6: ADDRCONF(NETDEV_UP): vethce07f53d: link is not ready
Aug 18 08:33:16 kata-shim-v2 kernel: IPv6: ADDRCONF(NETDEV_CHANGE): vethce07f53d: link becomes ready
Aug 18 08:33:16 kata-shim-v2 kernel: IPv6: ADDRCONF(NETDEV_CHANGE): eth0: link becomes ready
Aug 18 08:33:16 kata-shim-v2 kernel: IPv6: ADDRCONF(NETDEV_CHANGE): eth0: link becomes ready
Aug 18 08:33:16 kata-shim-v2 kernel: IPv6: ADDRCONF(NETDEV_CHANGE): eth0: link becomes ready
Aug 18 08:33:16 kata-shim-v2 kernel: IPv6: ADDRCONF(NETDEV_CHANGE): eth0: link becomes ready
Aug 18 08:33:16 kata-shim-v2 kernel: cni0: port 2(vetha23d21e2) entered blocking state
Aug 18 08:33:16 kata-shim-v2 kernel: cni0: port 2(vetha23d21e2) entered disabled state
Aug 18 08:33:16 kata-shim-v2 kernel: device vetha23d21e2 entered promiscuous mode
Aug 18 08:33:16 kata-shim-v2 kernel: cni0: port 2(vetha23d21e2) entered blocking state
Aug 18 08:33:16 kata-shim-v2 kernel: cni0: port 2(vetha23d21e2) entered forwarding state
Aug 18 08:33:16 kata-shim-v2 kernel: cni0: port 3(vethce07f53d) entered blocking state
Aug 18 08:33:16 kata-shim-v2 kernel: cni0: port 3(vethce07f53d) entered disabled state
Aug 18 08:33:16 kata-shim-v2 kernel: device vethce07f53d entered promiscuous mode
Aug 18 08:33:16 kata-shim-v2 kernel: cni0: port 3(vethce07f53d) entered blocking state
Aug 18 08:33:16 kata-shim-v2 kernel: cni0: port 3(vethce07f53d) entered forwarding state
Aug 18 08:33:16 kata-shim-v2 kernel: IPv6: ADDRCONF(NETDEV_CHANGE): eth0: link becomes ready
Aug 18 08:33:16 kata-shim-v2 kernel: cni0: port 4(veth4977eb02) entered blocking state
Aug 18 08:33:16 kata-shim-v2 kernel: cni0: port 4(veth4977eb02) entered disabled state
Aug 18 08:33:16 kata-shim-v2 kernel: device veth4977eb02 entered promiscuous mode
Aug 18 08:33:16 kata-shim-v2 kernel: cni0: port 4(veth4977eb02) entered blocking state
Aug 18 08:33:16 kata-shim-v2 kernel: cni0: port 4(veth4977eb02) entered forwarding state
Aug 18 08:33:16 kata-shim-v2 kernel: cni0: port 5(veth8df35c10) entered blocking state
Aug 18 08:33:16 kata-shim-v2 kernel: cni0: port 5(veth8df35c10) entered disabled state
Aug 18 08:33:16 kata-shim-v2 kernel: device veth8df35c10 entered promiscuous mode
Aug 18 08:33:16 kata-shim-v2 kernel: cni0: port 5(veth8df35c10) entered blocking state
Aug 18 08:33:16 kata-shim-v2 kernel: cni0: port 5(veth8df35c10) entered forwarding state
Aug 18 08:33:16 kata-shim-v2 kernel: cni0: port 6(veth6626f210) entered blocking state
Aug 18 08:33:16 kata-shim-v2 kernel: cni0: port 6(veth6626f210) entered disabled state
Aug 18 08:33:16 kata-shim-v2 kernel: device veth6626f210 entered promiscuous mode
Aug 18 08:33:16 kata-shim-v2 kernel: cni0: port 6(veth6626f210) entered blocking state
Aug 18 08:33:16 kata-shim-v2 kernel: cni0: port 6(veth6626f210) entered forwarding state
Aug 18 08:33:16 kata-shim-v2 kernel: IPv4: martian source 10.88.0.86 from 10.88.0.86, on dev cni0
Aug 18 08:33:16 kata-shim-v2 kernel: IPv4: martian source 10.88.0.87 from 10.88.0.87, on dev cni0
Aug 18 08:33:16 kata-shim-v2 kernel: ll header: 00000000: ff ff ff ff ff ff 22 dd 93 6a 51 4c 08 06        ......"..jQL..
Aug 18 08:33:16 kata-shim-v2 kernel: ll header: 00000000: ff ff ff ff ff ff d2 67 ee 90 60 3d 08 06        .......g..`=..
Aug 18 08:33:16 kata-shim-v2 kernel: IPv4: martian source 10.88.0.88 from 10.88.0.88, on dev cni0
Aug 18 08:33:16 kata-shim-v2 kernel: ll header: 00000000: ff ff ff ff ff ff 9e e8 d4 3d b6 f4 08 06        .........=....
Aug 18 08:33:16 kata-shim-v2 kernel: IPv4: martian source 10.88.0.89 from 10.88.0.89, on dev cni0
Aug 18 08:33:16 kata-shim-v2 kernel: ll header: 00000000: ff ff ff ff ff ff 52 09 46 1f 85 7e 08 06        ......R.F..~..
Aug 18 08:33:18 kata-shim-v2 kernel: IPv6: ADDRCONF(NETDEV_UP): eth0: link is not ready
Aug 18 08:33:18 kata-shim-v2 kernel: IPv6: ADDRCONF(NETDEV_UP): veth2954a8c5: link is not ready
Aug 18 08:33:18 kata-shim-v2 kernel: IPv6: ADDRCONF(NETDEV_CHANGE): veth2954a8c5: link becomes ready
Aug 18 08:33:18 kata-shim-v2 kernel: IPv6: ADDRCONF(NETDEV_CHANGE): eth0: link becomes ready
Aug 18 08:33:18 kata-shim-v2 kernel: cni0: port 7(veth2954a8c5) entered blocking state
Aug 18 08:33:18 kata-shim-v2 kernel: cni0: port 7(veth2954a8c5) entered disabled state
Aug 18 08:33:18 kata-shim-v2 kernel: device veth2954a8c5 entered promiscuous mode
Aug 18 08:33:18 kata-shim-v2 kernel: cni0: port 7(veth2954a8c5) entered blocking state
Aug 18 08:33:18 kata-shim-v2 kernel: cni0: port 7(veth2954a8c5) entered forwarding state
Aug 18 08:33:19 kata-shim-v2 kernel: L1TF CPU bug present and SMT on, data leak possible. See CVE-2018-3646 and https://www.kernel.org/doc/html/latest/admin-guide/l1tf.html for details.
Aug 18 08:33:22 kata-shim-v2 kernel: device eth0 entered promiscuous mode
Aug 18 08:33:22 kata-shim-v2 kernel: IPv6: ADDRCONF(NETDEV_UP): eth0: link is not ready
Aug 18 08:33:22 kata-shim-v2 kernel: IPv6: ADDRCONF(NETDEV_CHANGE): eth0: link becomes ready
Aug 18 08:33:22 kata-shim-v2 kernel: cni0: port 8(vethf6fbb174) entered blocking state
Aug 18 08:33:22 kata-shim-v2 kernel: cni0: port 8(vethf6fbb174) entered disabled state
Aug 18 08:33:22 kata-shim-v2 kernel: device vethf6fbb174 entered promiscuous mode
Aug 18 08:33:22 kata-shim-v2 kernel: cni0: port 8(vethf6fbb174) entered blocking state
Aug 18 08:33:22 kata-shim-v2 kernel: cni0: port 8(vethf6fbb174) entered forwarding state
Aug 18 08:33:25 kata-shim-v2 kernel: device eth0 entered promiscuous mode
Aug 18 08:33:28 kata-shim-v2 kernel: audit: type=1400 audit(1534581208.648:17): apparmor="STATUS" operation="profile_load" profile="unconfined" name="cri-containerd.apparmor.d" pid=3579 comm="apparmor_parser"
Aug 18 08:33:32 kata-shim-v2 kernel: cni0: port 3(vethce07f53d) entered disabled state
Aug 18 08:33:32 kata-shim-v2 kernel: device vethce07f53d left promiscuous mode
Aug 18 08:33:32 kata-shim-v2 kernel: cni0: port 3(vethce07f53d) entered disabled state
Aug 18 08:33:32 kata-shim-v2 kernel: IPv6: ADDRCONF(NETDEV_UP): eth0: link is not ready
Aug 18 08:33:32 kata-shim-v2 kernel: IPv6: ADDRCONF(NETDEV_CHANGE): eth0: link becomes ready
Aug 18 08:33:32 kata-shim-v2 kernel: cni0: port 3(vethd226fb9b) entered blocking state
Aug 18 08:33:32 kata-shim-v2 kernel: cni0: port 3(vethd226fb9b) entered disabled state
Aug 18 08:33:32 kata-shim-v2 kernel: device vethd226fb9b entered promiscuous mode
Aug 18 08:33:32 kata-shim-v2 kernel: cni0: port 3(vethd226fb9b) entered blocking state
Aug 18 08:33:32 kata-shim-v2 kernel: cni0: port 3(vethd226fb9b) entered forwarding state
Aug 18 08:33:35 kata-shim-v2 kernel: device eth0 entered promiscuous mode
Aug 18 08:33:36 kata-shim-v2 kernel: cni0: port 8(vethf6fbb174) entered disabled state
Aug 18 08:33:36 kata-shim-v2 kernel: device vethf6fbb174 left promiscuous mode
Aug 18 08:33:36 kata-shim-v2 kernel: cni0: port 8(vethf6fbb174) entered disabled state
Aug 18 08:33:36 kata-shim-v2 kernel: IPv6: ADDRCONF(NETDEV_UP): eth0: link is not ready
Aug 18 08:33:36 kata-shim-v2 kernel: IPv6: ADDRCONF(NETDEV_CHANGE): eth0: link becomes ready
Aug 18 08:33:36 kata-shim-v2 kernel: cni0: port 8(veth9aec712d) entered blocking state
Aug 18 08:33:36 kata-shim-v2 kernel: cni0: port 8(veth9aec712d) entered disabled state
Aug 18 08:33:36 kata-shim-v2 kernel: device veth9aec712d entered promiscuous mode
Aug 18 08:33:36 kata-shim-v2 kernel: cni0: port 8(veth9aec712d) entered blocking state
Aug 18 08:33:36 kata-shim-v2 kernel: cni0: port 8(veth9aec712d) entered forwarding state
Aug 18 08:33:40 kata-shim-v2 kernel: device eth0 entered promiscuous mode
Aug 18 08:33:44 kata-shim-v2 kernel: cni0: port 3(vethd226fb9b) entered disabled state
Aug 18 08:33:44 kata-shim-v2 kernel: device vethd226fb9b left promiscuous mode
Aug 18 08:33:44 kata-shim-v2 kernel: cni0: port 3(vethd226fb9b) entered disabled state
Aug 18 08:33:44 kata-shim-v2 kernel: IPv6: ADDRCONF(NETDEV_UP): eth0: link is not ready
Aug 18 08:33:44 kata-shim-v2 kernel: IPv6: ADDRCONF(NETDEV_CHANGE): eth0: link becomes ready
Aug 18 08:33:44 kata-shim-v2 kernel: cni0: port 3(veth52ad7a70) entered blocking state
Aug 18 08:33:44 kata-shim-v2 kernel: cni0: port 3(veth52ad7a70) entered disabled state
Aug 18 08:33:44 kata-shim-v2 kernel: device veth52ad7a70 entered promiscuous mode
Aug 18 08:33:44 kata-shim-v2 kernel: cni0: port 3(veth52ad7a70) entered blocking state
Aug 18 08:33:44 kata-shim-v2 kernel: cni0: port 3(veth52ad7a70) entered forwarding state
Aug 18 08:33:47 kata-shim-v2 kernel: device eth0 entered promiscuous mode
Aug 18 08:33:48 kata-shim-v2 kernel: cni0: port 3(veth52ad7a70) entered disabled state
Aug 18 08:33:48 kata-shim-v2 kernel: device veth52ad7a70 left promiscuous mode
Aug 18 08:33:48 kata-shim-v2 kernel: cni0: port 3(veth52ad7a70) entered disabled state
Aug 18 08:33:49 kata-shim-v2 kernel: IPv6: ADDRCONF(NETDEV_UP): eth0: link is not ready
Aug 18 08:33:49 kata-shim-v2 kernel: IPv6: ADDRCONF(NETDEV_CHANGE): eth0: link becomes ready
Aug 18 08:33:49 kata-shim-v2 kernel: cni0: port 3(veth03e98349) entered blocking state
Aug 18 08:33:49 kata-shim-v2 kernel: cni0: port 3(veth03e98349) entered disabled state
Aug 18 08:33:49 kata-shim-v2 kernel: device veth03e98349 entered promiscuous mode
Aug 18 08:33:49 kata-shim-v2 kernel: cni0: port 3(veth03e98349) entered blocking state
Aug 18 08:33:49 kata-shim-v2 kernel: cni0: port 3(veth03e98349) entered forwarding state
Aug 18 08:33:49 kata-shim-v2 kernel: device eth0 entered promiscuous mode
Aug 18 08:33:49 kata-shim-v2 kernel: device eth0 entered promiscuous mode
Aug 18 08:33:49 kata-shim-v2 kernel: device eth0 entered promiscuous mode
Aug 18 08:33:49 kata-shim-v2 kernel: device eth0 entered promiscuous mode
Aug 18 08:33:49 kata-shim-v2 kernel: device eth0 entered promiscuous mode
Aug 18 08:33:49 kata-shim-v2 kernel: device eth0 entered promiscuous mode
Aug 18 08:33:49 kata-shim-v2 kernel: cni0: port 4(veth4977eb02) entered disabled state
Aug 18 08:33:49 kata-shim-v2 kernel: device veth4977eb02 left promiscuous mode
Aug 18 08:33:49 kata-shim-v2 kernel: cni0: port 4(veth4977eb02) entered disabled state
Aug 18 08:33:50 kata-shim-v2 kernel: IPv6: ADDRCONF(NETDEV_UP): eth0: link is not ready
Aug 18 08:33:50 kata-shim-v2 kernel: IPv6: ADDRCONF(NETDEV_CHANGE): eth0: link becomes ready
Aug 18 08:33:50 kata-shim-v2 kernel: cni0: port 4(veth30ed4e03) entered blocking state
Aug 18 08:33:50 kata-shim-v2 kernel: cni0: port 4(veth30ed4e03) entered disabled state
Aug 18 08:33:50 kata-shim-v2 kernel: device veth30ed4e03 entered promiscuous mode
Aug 18 08:33:50 kata-shim-v2 kernel: cni0: port 4(veth30ed4e03) entered blocking state
Aug 18 08:33:50 kata-shim-v2 kernel: cni0: port 4(veth30ed4e03) entered forwarding state
Aug 18 08:33:51 kata-shim-v2 kernel: cni0: port 8(veth9aec712d) entered disabled state
Aug 18 08:33:51 kata-shim-v2 kernel: device veth9aec712d left promiscuous mode
Aug 18 08:33:51 kata-shim-v2 kernel: cni0: port 8(veth9aec712d) entered disabled state
Aug 18 08:33:51 kata-shim-v2 kernel: IPv6: ADDRCONF(NETDEV_UP): eth0: link is not ready
Aug 18 08:33:51 kata-shim-v2 kernel: IPv6: ADDRCONF(NETDEV_CHANGE): eth0: link becomes ready
Aug 18 08:33:51 kata-shim-v2 kernel: cni0: port 8(vethe6900c3c) entered blocking state
Aug 18 08:33:51 kata-shim-v2 kernel: cni0: port 8(vethe6900c3c) entered disabled state
Aug 18 08:33:51 kata-shim-v2 kernel: device vethe6900c3c entered promiscuous mode
Aug 18 08:33:51 kata-shim-v2 kernel: cni0: port 8(vethe6900c3c) entered blocking state
Aug 18 08:33:51 kata-shim-v2 kernel: cni0: port 8(vethe6900c3c) entered forwarding state
Aug 18 08:33:52 kata-shim-v2 kernel: device eth0 entered promiscuous mode
Aug 18 08:33:53 kata-shim-v2 kernel: device eth0 entered promiscuous mode
Aug 18 08:33:54 kata-shim-v2 kernel: cni0: port 4(veth30ed4e03) entered disabled state
Aug 18 08:33:54 kata-shim-v2 kernel: device veth30ed4e03 left promiscuous mode
Aug 18 08:33:54 kata-shim-v2 kernel: cni0: port 4(veth30ed4e03) entered disabled state
Aug 18 08:33:54 kata-shim-v2 kernel: IPv6: ADDRCONF(NETDEV_UP): eth0: link is not ready
Aug 18 08:33:54 kata-shim-v2 kernel: IPv6: ADDRCONF(NETDEV_CHANGE): eth0: link becomes ready
Aug 18 08:33:54 kata-shim-v2 kernel: cni0: port 4(vethabdd7bfd) entered blocking state
Aug 18 08:33:54 kata-shim-v2 kernel: cni0: port 4(vethabdd7bfd) entered disabled state
Aug 18 08:33:54 kata-shim-v2 kernel: device vethabdd7bfd entered promiscuous mode
Aug 18 08:33:54 kata-shim-v2 kernel: cni0: port 4(vethabdd7bfd) entered blocking state
Aug 18 08:33:54 kata-shim-v2 kernel: cni0: port 4(vethabdd7bfd) entered forwarding state
Aug 18 08:33:55 kata-shim-v2 kernel: device eth0 entered promiscuous mode
Aug 18 08:33:56 kata-shim-v2 kernel: cni0: port 7(veth2954a8c5) entered disabled state
Aug 18 08:33:56 kata-shim-v2 kernel: device veth2954a8c5 left promiscuous mode
Aug 18 08:33:56 kata-shim-v2 kernel: cni0: port 7(veth2954a8c5) entered disabled state
Aug 18 08:33:56 kata-shim-v2 kernel: IPv6: ADDRCONF(NETDEV_UP): eth0: link is not ready
Aug 18 08:33:56 kata-shim-v2 kernel: IPv6: ADDRCONF(NETDEV_CHANGE): eth0: link becomes ready
Aug 18 08:33:56 kata-shim-v2 kernel: cni0: port 7(vetha1330a73) entered blocking state
Aug 18 08:33:56 kata-shim-v2 kernel: cni0: port 7(vetha1330a73) entered disabled state
Aug 18 08:33:56 kata-shim-v2 kernel: device vetha1330a73 entered promiscuous mode
Aug 18 08:33:56 kata-shim-v2 kernel: cni0: port 7(vetha1330a73) entered blocking state
Aug 18 08:33:56 kata-shim-v2 kernel: cni0: port 7(vetha1330a73) entered forwarding state
Aug 18 08:33:57 kata-shim-v2 kernel: device eth0 entered promiscuous mode
Aug 18 08:33:59 kata-shim-v2 kernel: cni0: port 3(veth03e98349) entered disabled state
Aug 18 08:33:59 kata-shim-v2 kernel: device veth03e98349 left promiscuous mode
Aug 18 08:33:59 kata-shim-v2 kernel: cni0: port 3(veth03e98349) entered disabled state
Aug 18 08:33:59 kata-shim-v2 kernel: cni0: port 4(vethabdd7bfd) entered disabled state
Aug 18 08:33:59 kata-shim-v2 kernel: device vethabdd7bfd left promiscuous mode
Aug 18 08:33:59 kata-shim-v2 kernel: cni0: port 4(vethabdd7bfd) entered disabled state
Aug 18 08:33:59 kata-shim-v2 kernel: cni0: port 6(veth6626f210) entered disabled state
Aug 18 08:33:59 kata-shim-v2 kernel: device veth6626f210 left promiscuous mode
Aug 18 08:33:59 kata-shim-v2 kernel: cni0: port 6(veth6626f210) entered disabled state
Aug 18 08:33:59 kata-shim-v2 kernel: audit: type=1400 audit(1534581239.572:18): apparmor="STATUS" operation="profile_load" profile="unconfined" name="cri-validate-apparmor-test-audit-write" pid=5379 comm="apparmor_parser"
Aug 18 08:33:59 kata-shim-v2 kernel: audit: type=1400 audit(1534581239.572:19): apparmor="STATUS" operation="profile_load" profile="unconfined" name="cri-validate-apparmor-test-deny-write" pid=5379 comm="apparmor_parser"
Aug 18 08:33:59 kata-shim-v2 kernel: IPv6: ADDRCONF(NETDEV_UP): eth0: link is not ready
Aug 18 08:33:59 kata-shim-v2 kernel: IPv6: ADDRCONF(NETDEV_CHANGE): eth0: link becomes ready
Aug 18 08:33:59 kata-shim-v2 kernel: cni0: port 3(veth2cb45962) entered blocking state
Aug 18 08:33:59 kata-shim-v2 kernel: cni0: port 3(veth2cb45962) entered disabled state
Aug 18 08:33:59 kata-shim-v2 kernel: device veth2cb45962 entered promiscuous mode
Aug 18 08:33:59 kata-shim-v2 kernel: cni0: port 3(veth2cb45962) entered blocking state
Aug 18 08:33:59 kata-shim-v2 kernel: cni0: port 3(veth2cb45962) entered forwarding state
Aug 18 08:33:59 kata-shim-v2 kernel: IPv6: ADDRCONF(NETDEV_UP): eth0: link is not ready
Aug 18 08:33:59 kata-shim-v2 kernel: IPv6: ADDRCONF(NETDEV_CHANGE): eth0: link becomes ready
Aug 18 08:33:59 kata-shim-v2 kernel: cni0: port 4(veth26acfcbc) entered blocking state
Aug 18 08:33:59 kata-shim-v2 kernel: cni0: port 4(veth26acfcbc) entered disabled state
Aug 18 08:33:59 kata-shim-v2 kernel: device veth26acfcbc entered promiscuous mode
Aug 18 08:33:59 kata-shim-v2 kernel: cni0: port 4(veth26acfcbc) entered blocking state
Aug 18 08:33:59 kata-shim-v2 kernel: cni0: port 4(veth26acfcbc) entered forwarding state
Aug 18 08:33:59 kata-shim-v2 kernel: IPv6: ADDRCONF(NETDEV_UP): eth0: link is not ready
Aug 18 08:33:59 kata-shim-v2 kernel: IPv6: ADDRCONF(NETDEV_CHANGE): eth0: link becomes ready
Aug 18 08:33:59 kata-shim-v2 kernel: cni0: port 6(veth8d882e36) entered blocking state
Aug 18 08:33:59 kata-shim-v2 kernel: cni0: port 6(veth8d882e36) entered disabled state
Aug 18 08:33:59 kata-shim-v2 kernel: device veth8d882e36 entered promiscuous mode
Aug 18 08:33:59 kata-shim-v2 kernel: cni0: port 6(veth8d882e36) entered blocking state
Aug 18 08:33:59 kata-shim-v2 kernel: cni0: port 6(veth8d882e36) entered forwarding state
Aug 18 08:33:59 kata-shim-v2 kernel: device eth0 entered promiscuous mode
Aug 18 08:34:01 kata-shim-v2 kernel: cni0: port 8(vethe6900c3c) entered disabled state
Aug 18 08:34:01 kata-shim-v2 kernel: device vethe6900c3c left promiscuous mode
Aug 18 08:34:01 kata-shim-v2 kernel: cni0: port 8(vethe6900c3c) entered disabled state
Aug 18 08:34:01 kata-shim-v2 kernel: IPv6: ADDRCONF(NETDEV_UP): eth0: link is not ready
Aug 18 08:34:01 kata-shim-v2 kernel: IPv6: ADDRCONF(NETDEV_CHANGE): eth0: link becomes ready
Aug 18 08:34:01 kata-shim-v2 kernel: cni0: port 8(veth513a2229) entered blocking state
Aug 18 08:34:01 kata-shim-v2 kernel: cni0: port 8(veth513a2229) entered disabled state
Aug 18 08:34:01 kata-shim-v2 kernel: device veth513a2229 entered promiscuous mode
Aug 18 08:34:01 kata-shim-v2 kernel: cni0: port 8(veth513a2229) entered blocking state
Aug 18 08:34:01 kata-shim-v2 kernel: cni0: port 8(veth513a2229) entered forwarding state
Aug 18 08:34:04 kata-shim-v2 kernel: device eth0 entered promiscuous mode
Aug 18 08:34:04 kata-shim-v2 kernel: device eth0 entered promiscuous mode
Aug 18 08:34:04 kata-shim-v2 kernel: cni0: port 5(veth8df35c10) entered disabled state
Aug 18 08:34:04 kata-shim-v2 kernel: device veth8df35c10 left promiscuous mode
Aug 18 08:34:04 kata-shim-v2 kernel: cni0: port 5(veth8df35c10) entered disabled state
Aug 18 08:34:04 kata-shim-v2 kernel: device eth0 entered promiscuous mode
Aug 18 08:34:04 kata-shim-v2 kernel: IPv6: ADDRCONF(NETDEV_UP): eth0: link is not ready
Aug 18 08:34:04 kata-shim-v2 kernel: IPv6: ADDRCONF(NETDEV_CHANGE): eth0: link becomes ready
Aug 18 08:34:04 kata-shim-v2 kernel: cni0: port 5(vethbb8fcdaf) entered blocking state
Aug 18 08:34:04 kata-shim-v2 kernel: cni0: port 5(vethbb8fcdaf) entered disabled state
Aug 18 08:34:04 kata-shim-v2 kernel: device vethbb8fcdaf entered promiscuous mode
Aug 18 08:34:04 kata-shim-v2 kernel: cni0: port 5(vethbb8fcdaf) entered blocking state
Aug 18 08:34:04 kata-shim-v2 kernel: cni0: port 5(vethbb8fcdaf) entered forwarding state
Aug 18 08:34:05 kata-shim-v2 kernel: device eth0 entered promiscuous mode
Aug 18 08:34:06 kata-shim-v2 kernel: cni0: port 7(vetha1330a73) entered disabled state
Aug 18 08:34:06 kata-shim-v2 kernel: device vetha1330a73 left promiscuous mode
Aug 18 08:34:06 kata-shim-v2 kernel: cni0: port 7(vetha1330a73) entered disabled state
Aug 18 08:34:08 kata-shim-v2 kernel: device eth0 entered promiscuous mode
Aug 18 08:34:09 kata-shim-v2 kernel: IPv6: ADDRCONF(NETDEV_UP): eth0: link is not ready
Aug 18 08:34:09 kata-shim-v2 kernel: IPv6: ADDRCONF(NETDEV_UP): veth3afe503c: link is not ready
Aug 18 08:34:09 kata-shim-v2 kernel: IPv6: ADDRCONF(NETDEV_CHANGE): veth3afe503c: link becomes ready
Aug 18 08:34:09 kata-shim-v2 kernel: IPv6: ADDRCONF(NETDEV_CHANGE): eth0: link becomes ready
Aug 18 08:34:09 kata-shim-v2 kernel: cni0: port 7(veth3afe503c) entered blocking state
Aug 18 08:34:09 kata-shim-v2 kernel: cni0: port 7(veth3afe503c) entered disabled state
Aug 18 08:34:09 kata-shim-v2 kernel: device veth3afe503c entered promiscuous mode
Aug 18 08:34:09 kata-shim-v2 kernel: cni0: port 7(veth3afe503c) entered blocking state
Aug 18 08:34:09 kata-shim-v2 kernel: cni0: port 7(veth3afe503c) entered forwarding state
Aug 18 08:34:09 kata-shim-v2 kernel: cni0: port 6(veth8d882e36) entered disabled state
Aug 18 08:34:09 kata-shim-v2 kernel: device veth8d882e36 left promiscuous mode
Aug 18 08:34:09 kata-shim-v2 kernel: cni0: port 6(veth8d882e36) entered disabled state
Aug 18 08:34:09 kata-shim-v2 kernel: cni0: port 4(veth26acfcbc) entered disabled state
Aug 18 08:34:09 kata-shim-v2 kernel: device veth26acfcbc left promiscuous mode
Aug 18 08:34:09 kata-shim-v2 kernel: cni0: port 4(veth26acfcbc) entered disabled state
Aug 18 08:34:09 kata-shim-v2 kernel: IPv6: ADDRCONF(NETDEV_UP): eth0: link is not ready
Aug 18 08:34:10 kata-shim-v2 kernel: IPv6: ADDRCONF(NETDEV_CHANGE): eth0: link becomes ready
Aug 18 08:34:10 kata-shim-v2 kernel: cni0: port 4(vethc7599345) entered blocking state
Aug 18 08:34:10 kata-shim-v2 kernel: cni0: port 4(vethc7599345) entered disabled state
Aug 18 08:34:10 kata-shim-v2 kernel: device vethc7599345 entered promiscuous mode
Aug 18 08:34:10 kata-shim-v2 kernel: cni0: port 4(vethc7599345) entered blocking state
Aug 18 08:34:10 kata-shim-v2 kernel: cni0: port 4(vethc7599345) entered forwarding state
Aug 18 08:34:13 kata-shim-v2 kernel: cni0: port 3(veth2cb45962) entered disabled state
Aug 18 08:34:13 kata-shim-v2 kernel: device veth2cb45962 left promiscuous mode
Aug 18 08:34:13 kata-shim-v2 kernel: cni0: port 3(veth2cb45962) entered disabled state
Aug 18 08:34:13 kata-shim-v2 kernel: device eth0 entered promiscuous mode
Aug 18 08:34:13 kata-shim-v2 kernel: audit: type=1400 audit(1534581253.472:20): apparmor="STATUS" operation="profile_replace" info="same as current profile, skipping" profile="unconfined" name="cri-validate-apparmor-test-audit-write" pid=6622 comm="apparmor_parser"
Aug 18 08:34:13 kata-shim-v2 kernel: audit: type=1400 audit(1534581253.476:21): apparmor="STATUS" operation="profile_replace" info="same as current profile, skipping" profile="unconfined" name="cri-validate-apparmor-test-deny-write" pid=6622 comm="apparmor_parser"
Aug 18 08:34:13 kata-shim-v2 kernel: IPv6: ADDRCONF(NETDEV_UP): eth0: link is not ready
Aug 18 08:34:13 kata-shim-v2 kernel: IPv6: ADDRCONF(NETDEV_CHANGE): eth0: link becomes ready
Aug 18 08:34:13 kata-shim-v2 kernel: cni0: port 3(veth39b3ea2c) entered blocking state
Aug 18 08:34:13 kata-shim-v2 kernel: cni0: port 3(veth39b3ea2c) entered disabled state
Aug 18 08:34:13 kata-shim-v2 kernel: device veth39b3ea2c entered promiscuous mode
Aug 18 08:34:13 kata-shim-v2 kernel: cni0: port 3(veth39b3ea2c) entered blocking state
Aug 18 08:34:13 kata-shim-v2 kernel: cni0: port 3(veth39b3ea2c) entered forwarding state
Aug 18 08:34:13 kata-shim-v2 kernel: cni0: port 8(veth513a2229) entered disabled state
Aug 18 08:34:13 kata-shim-v2 kernel: device veth513a2229 left promiscuous mode
Aug 18 08:34:13 kata-shim-v2 kernel: cni0: port 8(veth513a2229) entered disabled state
Aug 18 08:34:13 kata-shim-v2 kernel: cni0: port 5(vethbb8fcdaf) entered disabled state
Aug 18 08:34:13 kata-shim-v2 kernel: device vethbb8fcdaf left promiscuous mode
Aug 18 08:34:13 kata-shim-v2 kernel: cni0: port 5(vethbb8fcdaf) entered disabled state
Aug 18 08:34:13 kata-shim-v2 kernel: device eth0 entered promiscuous mode
Aug 18 08:34:13 kata-shim-v2 kernel: IPv6: ADDRCONF(NETDEV_UP): eth0: link is not ready
Aug 18 08:34:13 kata-shim-v2 kernel: IPv6: ADDRCONF(NETDEV_CHANGE): eth0: link becomes ready
Aug 18 08:34:13 kata-shim-v2 kernel: cni0: port 5(vethc895636c) entered blocking state
Aug 18 08:34:13 kata-shim-v2 kernel: cni0: port 5(vethc895636c) entered disabled state
Aug 18 08:34:13 kata-shim-v2 kernel: device vethc895636c entered promiscuous mode
Aug 18 08:34:13 kata-shim-v2 kernel: cni0: port 5(vethc895636c) entered blocking state
Aug 18 08:34:13 kata-shim-v2 kernel: cni0: port 5(vethc895636c) entered forwarding state
Aug 18 08:34:14 kata-shim-v2 kernel: IPv6: ADDRCONF(NETDEV_UP): eth0: link is not ready
Aug 18 08:34:15 kata-shim-v2 kernel: IPv6: ADDRCONF(NETDEV_UP): veth5ba18396: link is not ready
Aug 18 08:34:15 kata-shim-v2 kernel: IPv6: ADDRCONF(NETDEV_CHANGE): veth5ba18396: link becomes ready
Aug 18 08:34:15 kata-shim-v2 kernel: IPv6: ADDRCONF(NETDEV_CHANGE): eth0: link becomes ready
Aug 18 08:34:15 kata-shim-v2 kernel: cni0: port 6(veth5ba18396) entered blocking state
Aug 18 08:34:15 kata-shim-v2 kernel: cni0: port 6(veth5ba18396) entered disabled state
Aug 18 08:34:15 kata-shim-v2 kernel: device veth5ba18396 entered promiscuous mode
Aug 18 08:34:15 kata-shim-v2 kernel: cni0: port 6(veth5ba18396) entered blocking state
Aug 18 08:34:15 kata-shim-v2 kernel: cni0: port 6(veth5ba18396) entered forwarding state
Aug 18 08:34:17 kata-shim-v2 kernel: device eth0 entered promiscuous mode
Aug 18 08:34:18 kata-shim-v2 kernel: device eth0 entered promiscuous mode
Aug 18 08:34:19 kata-shim-v2 kernel: device eth0 entered promiscuous mode
Aug 18 08:34:20 kata-shim-v2 kernel: cni0: port 7(veth3afe503c) entered disabled state
Aug 18 08:34:20 kata-shim-v2 kernel: device veth3afe503c left promiscuous mode
Aug 18 08:34:20 kata-shim-v2 kernel: cni0: port 7(veth3afe503c) entered disabled state
Aug 18 08:34:20 kata-shim-v2 kernel: cni0: port 4(vethc7599345) entered disabled state
Aug 18 08:34:20 kata-shim-v2 kernel: device vethc7599345 left promiscuous mode
Aug 18 08:34:20 kata-shim-v2 kernel: cni0: port 4(vethc7599345) entered disabled state
Aug 18 08:34:20 kata-shim-v2 kernel: IPv6: ADDRCONF(NETDEV_UP): eth0: link is not ready
Aug 18 08:34:20 kata-shim-v2 kernel: IPv6: ADDRCONF(NETDEV_CHANGE): eth0: link becomes ready
Aug 18 08:34:20 kata-shim-v2 kernel: cni0: port 4(veth18008802) entered blocking state
Aug 18 08:34:20 kata-shim-v2 kernel: cni0: port 4(veth18008802) entered disabled state
Aug 18 08:34:20 kata-shim-v2 kernel: device veth18008802 entered promiscuous mode
Aug 18 08:34:20 kata-shim-v2 kernel: cni0: port 4(veth18008802) entered blocking state
Aug 18 08:34:20 kata-shim-v2 kernel: cni0: port 4(veth18008802) entered forwarding state
Aug 18 08:34:20 kata-shim-v2 kernel: IPv6: ADDRCONF(NETDEV_UP): eth0: link is not ready
Aug 18 08:34:20 kata-shim-v2 kernel: IPv6: ADDRCONF(NETDEV_UP): veth2d262096: link is not ready
Aug 18 08:34:20 kata-shim-v2 kernel: IPv6: ADDRCONF(NETDEV_CHANGE): veth2d262096: link becomes ready
Aug 18 08:34:20 kata-shim-v2 kernel: IPv6: ADDRCONF(NETDEV_CHANGE): eth0: link becomes ready
Aug 18 08:34:20 kata-shim-v2 kernel: cni0: port 7(veth2d262096) entered blocking state
Aug 18 08:34:20 kata-shim-v2 kernel: cni0: port 7(veth2d262096) entered disabled state
Aug 18 08:34:20 kata-shim-v2 kernel: device veth2d262096 entered promiscuous mode
Aug 18 08:34:20 kata-shim-v2 kernel: cni0: port 7(veth2d262096) entered blocking state
Aug 18 08:34:20 kata-shim-v2 kernel: cni0: port 7(veth2d262096) entered forwarding state
Aug 18 08:34:22 kata-shim-v2 kernel: cni0: port 1(veth1394c919) entered disabled state
Aug 18 08:34:22 kata-shim-v2 kernel: device veth1394c919 left promiscuous mode
Aug 18 08:34:22 kata-shim-v2 kernel: cni0: port 1(veth1394c919) entered disabled state
Aug 18 08:34:25 kata-shim-v2 kernel: cni0: port 5(vethc895636c) entered disabled state
Aug 18 08:34:25 kata-shim-v2 kernel: device vethc895636c left promiscuous mode
Aug 18 08:34:25 kata-shim-v2 kernel: cni0: port 5(vethc895636c) entered disabled state
Aug 18 08:34:25 kata-shim-v2 kernel: device eth0 entered promiscuous mode
Aug 18 08:34:25 kata-shim-v2 kernel: IPv6: ADDRCONF(NETDEV_UP): eth0: link is not ready
Aug 18 08:34:25 kata-shim-v2 kernel: IPv6: ADDRCONF(NETDEV_CHANGE): eth0: link becomes ready
Aug 18 08:34:25 kata-shim-v2 kernel: cni0: port 1(vethea2cbbe9) entered blocking state
Aug 18 08:34:25 kata-shim-v2 kernel: cni0: port 1(vethea2cbbe9) entered disabled state
Aug 18 08:34:25 kata-shim-v2 kernel: device vethea2cbbe9 entered promiscuous mode
Aug 18 08:34:25 kata-shim-v2 kernel: cni0: port 1(vethea2cbbe9) entered blocking state
Aug 18 08:34:25 kata-shim-v2 kernel: cni0: port 1(vethea2cbbe9) entered forwarding state
Aug 18 08:34:25 kata-shim-v2 kernel: device eth0 entered promiscuous mode
Aug 18 08:34:25 kata-shim-v2 kernel: cni0: port 7(veth2d262096) entered disabled state
Aug 18 08:34:25 kata-shim-v2 kernel: device veth2d262096 left promiscuous mode
Aug 18 08:34:25 kata-shim-v2 kernel: cni0: port 7(veth2d262096) entered disabled state
Aug 18 08:34:25 kata-shim-v2 kernel: cni0: port 2(vetha23d21e2) entered disabled state
Aug 18 08:34:25 kata-shim-v2 kernel: device vetha23d21e2 left promiscuous mode
Aug 18 08:34:25 kata-shim-v2 kernel: cni0: port 2(vetha23d21e2) entered disabled state
Aug 18 08:34:26 kata-shim-v2 kernel: IPv6: ADDRCONF(NETDEV_UP): eth0: link is not ready
Aug 18 08:34:26 kata-shim-v2 kernel: IPv6: ADDRCONF(NETDEV_CHANGE): eth0: link becomes ready
Aug 18 08:34:26 kata-shim-v2 kernel: cni0: port 2(veth42a61c9f) entered blocking state
Aug 18 08:34:26 kata-shim-v2 kernel: cni0: port 2(veth42a61c9f) entered disabled state
Aug 18 08:34:26 kata-shim-v2 kernel: device veth42a61c9f entered promiscuous mode
Aug 18 08:34:26 kata-shim-v2 kernel: cni0: port 2(veth42a61c9f) entered blocking state
Aug 18 08:34:26 kata-shim-v2 kernel: cni0: port 2(veth42a61c9f) entered forwarding state
Aug 18 08:34:26 kata-shim-v2 kernel: IPv6: ADDRCONF(NETDEV_UP): eth0: link is not ready
Aug 18 08:34:26 kata-shim-v2 kernel: IPv6: ADDRCONF(NETDEV_CHANGE): eth0: link becomes ready
Aug 18 08:34:26 kata-shim-v2 kernel: cni0: port 5(veth8b1d4929) entered blocking state
Aug 18 08:34:26 kata-shim-v2 kernel: cni0: port 5(veth8b1d4929) entered disabled state
Aug 18 08:34:26 kata-shim-v2 kernel: device veth8b1d4929 entered promiscuous mode
Aug 18 08:34:26 kata-shim-v2 kernel: cni0: port 5(veth8b1d4929) entered blocking state
Aug 18 08:34:26 kata-shim-v2 kernel: cni0: port 5(veth8b1d4929) entered forwarding state
Aug 18 08:34:26 kata-shim-v2 kernel: IPv6: ADDRCONF(NETDEV_UP): eth0: link is not ready
Aug 18 08:34:26 kata-shim-v2 kernel: IPv6: ADDRCONF(NETDEV_UP): vethf7dff762: link is not ready
Aug 18 08:34:26 kata-shim-v2 kernel: IPv6: ADDRCONF(NETDEV_CHANGE): vethf7dff762: link becomes ready
Aug 18 08:34:26 kata-shim-v2 kernel: IPv6: ADDRCONF(NETDEV_CHANGE): eth0: link becomes ready
Aug 18 08:34:26 kata-shim-v2 kernel: cni0: port 7(vethf7dff762) entered blocking state
Aug 18 08:34:26 kata-shim-v2 kernel: cni0: port 7(vethf7dff762) entered disabled state
Aug 18 08:34:26 kata-shim-v2 kernel: device vethf7dff762 entered promiscuous mode
Aug 18 08:34:26 kata-shim-v2 kernel: cni0: port 7(vethf7dff762) entered blocking state
Aug 18 08:34:26 kata-shim-v2 kernel: cni0: port 7(vethf7dff762) entered forwarding state
Aug 18 08:34:28 kata-shim-v2 kernel: cni0: port 3(veth39b3ea2c) entered disabled state
Aug 18 08:34:28 kata-shim-v2 kernel: device veth39b3ea2c left promiscuous mode
Aug 18 08:34:28 kata-shim-v2 kernel: cni0: port 3(veth39b3ea2c) entered disabled state
Aug 18 08:34:28 kata-shim-v2 kernel: IPv6: ADDRCONF(NETDEV_UP): eth0: link is not ready
Aug 18 08:34:28 kata-shim-v2 kernel: IPv6: ADDRCONF(NETDEV_CHANGE): eth0: link becomes ready
Aug 18 08:34:28 kata-shim-v2 kernel: cni0: port 3(veth7de1886b) entered blocking state
Aug 18 08:34:28 kata-shim-v2 kernel: cni0: port 3(veth7de1886b) entered disabled state
Aug 18 08:34:28 kata-shim-v2 kernel: device veth7de1886b entered promiscuous mode
Aug 18 08:34:28 kata-shim-v2 kernel: cni0: port 3(veth7de1886b) entered blocking state
Aug 18 08:34:28 kata-shim-v2 kernel: cni0: port 3(veth7de1886b) entered forwarding state
Aug 18 08:34:29 kata-shim-v2 kernel: device eth0 entered promiscuous mode
Aug 18 08:34:30 kata-shim-v2 kernel: device eth0 entered promiscuous mode
Aug 18 08:34:30 kata-shim-v2 kernel: device eth0 entered promiscuous mode
Aug 18 08:34:31 kata-shim-v2 kernel: device eth0 entered promiscuous mode
Aug 18 08:34:31 kata-shim-v2 kernel: cni0: port 4(veth18008802) entered disabled state
Aug 18 08:34:31 kata-shim-v2 kernel: device veth18008802 left promiscuous mode
Aug 18 08:34:31 kata-shim-v2 kernel: cni0: port 4(veth18008802) entered disabled state
Aug 18 08:34:32 kata-shim-v2 kernel: IPv6: ADDRCONF(NETDEV_UP): eth0: link is not ready
Aug 18 08:34:32 kata-shim-v2 kernel: IPv6: ADDRCONF(NETDEV_CHANGE): eth0: link becomes ready
Aug 18 08:34:32 kata-shim-v2 kernel: cni0: port 4(veth1b9e7a5d) entered blocking state
Aug 18 08:34:32 kata-shim-v2 kernel: cni0: port 4(veth1b9e7a5d) entered disabled state
Aug 18 08:34:32 kata-shim-v2 kernel: device veth1b9e7a5d entered promiscuous mode
Aug 18 08:34:32 kata-shim-v2 kernel: cni0: port 4(veth1b9e7a5d) entered blocking state
Aug 18 08:34:32 kata-shim-v2 kernel: cni0: port 4(veth1b9e7a5d) entered forwarding state
Aug 18 08:34:32 kata-shim-v2 kernel: device eth0 entered promiscuous mode
Aug 18 08:34:36 kata-shim-v2 kernel: cni0: port 1(vethea2cbbe9) entered disabled state
Aug 18 08:34:36 kata-shim-v2 kernel: device vethea2cbbe9 left promiscuous mode
Aug 18 08:34:36 kata-shim-v2 kernel: cni0: port 1(vethea2cbbe9) entered disabled state
Aug 18 08:34:36 kata-shim-v2 kernel: device eth0 entered promiscuous mode
Aug 18 08:34:36 kata-shim-v2 kernel: IPv6: ADDRCONF(NETDEV_UP): eth0: link is not ready
Aug 18 08:34:36 kata-shim-v2 kernel: IPv6: ADDRCONF(NETDEV_CHANGE): eth0: link becomes ready
Aug 18 08:34:36 kata-shim-v2 kernel: cni0: port 1(vethd7733a52) entered blocking state
Aug 18 08:34:36 kata-shim-v2 kernel: cni0: port 1(vethd7733a52) entered disabled state
Aug 18 08:34:36 kata-shim-v2 kernel: device vethd7733a52 entered promiscuous mode
Aug 18 08:34:36 kata-shim-v2 kernel: cni0: port 1(vethd7733a52) entered blocking state
Aug 18 08:34:36 kata-shim-v2 kernel: cni0: port 1(vethd7733a52) entered forwarding state
Aug 18 08:34:37 kata-shim-v2 kernel: cni0: port 7(vethf7dff762) entered disabled state
Aug 18 08:34:37 kata-shim-v2 kernel: device vethf7dff762 left promiscuous mode
Aug 18 08:34:37 kata-shim-v2 kernel: cni0: port 7(vethf7dff762) entered disabled state
Aug 18 08:34:37 kata-shim-v2 kernel: IPv6: ADDRCONF(NETDEV_UP): eth0: link is not ready
Aug 18 08:34:37 kata-shim-v2 kernel: IPv6: ADDRCONF(NETDEV_CHANGE): eth0: link becomes ready
Aug 18 08:34:37 kata-shim-v2 kernel: cni0: port 7(vetha2d30c19) entered blocking state
Aug 18 08:34:37 kata-shim-v2 kernel: cni0: port 7(vetha2d30c19) entered disabled state
Aug 18 08:34:37 kata-shim-v2 kernel: device vetha2d30c19 entered promiscuous mode
Aug 18 08:34:37 kata-shim-v2 kernel: cni0: port 7(vetha2d30c19) entered blocking state
Aug 18 08:34:37 kata-shim-v2 kernel: cni0: port 7(vetha2d30c19) entered forwarding state
Aug 18 08:34:38 kata-shim-v2 kernel: cni0: port 5(veth8b1d4929) entered disabled state
Aug 18 08:34:38 kata-shim-v2 kernel: device veth8b1d4929 left promiscuous mode
Aug 18 08:34:38 kata-shim-v2 kernel: cni0: port 5(veth8b1d4929) entered disabled state
Aug 18 08:34:38 kata-shim-v2 kernel: IPv6: ADDRCONF(NETDEV_UP): eth0: link is not ready
Aug 18 08:34:38 kata-shim-v2 kernel: IPv6: ADDRCONF(NETDEV_CHANGE): eth0: link becomes ready
Aug 18 08:34:38 kata-shim-v2 kernel: cni0: port 5(veth53f23d52) entered blocking state
Aug 18 08:34:38 kata-shim-v2 kernel: cni0: port 5(veth53f23d52) entered disabled state
Aug 18 08:34:38 kata-shim-v2 kernel: device veth53f23d52 entered promiscuous mode
Aug 18 08:34:38 kata-shim-v2 kernel: cni0: port 5(veth53f23d52) entered blocking state
Aug 18 08:34:38 kata-shim-v2 kernel: cni0: port 5(veth53f23d52) entered forwarding state
Aug 18 08:34:40 kata-shim-v2 kernel: device eth0 entered promiscuous mode
Aug 18 08:34:41 kata-shim-v2 kernel: cni0: port 2(veth42a61c9f) entered disabled state
Aug 18 08:34:41 kata-shim-v2 kernel: device veth42a61c9f left promiscuous mode
Aug 18 08:34:41 kata-shim-v2 kernel: cni0: port 2(veth42a61c9f) entered disabled state
Aug 18 08:34:41 kata-shim-v2 kernel: IPv6: ADDRCONF(NETDEV_UP): eth0: link is not ready
Aug 18 08:34:41 kata-shim-v2 kernel: IPv6: ADDRCONF(NETDEV_CHANGE): eth0: link becomes ready
Aug 18 08:34:41 kata-shim-v2 kernel: cni0: port 2(veth6bc163b3) entered blocking state
Aug 18 08:34:41 kata-shim-v2 kernel: cni0: port 2(veth6bc163b3) entered disabled state
Aug 18 08:34:41 kata-shim-v2 kernel: device veth6bc163b3 entered promiscuous mode
Aug 18 08:34:41 kata-shim-v2 kernel: cni0: port 2(veth6bc163b3) entered blocking state
Aug 18 08:34:41 kata-shim-v2 kernel: cni0: port 2(veth6bc163b3) entered forwarding state
Aug 18 08:34:41 kata-shim-v2 kernel: device eth0 entered promiscuous mode
Aug 18 08:34:42 kata-shim-v2 kernel: cni0: port 4(veth1b9e7a5d) entered disabled state
Aug 18 08:34:42 kata-shim-v2 kernel: device veth1b9e7a5d left promiscuous mode
Aug 18 08:34:42 kata-shim-v2 kernel: cni0: port 4(veth1b9e7a5d) entered disabled state
Aug 18 08:34:42 kata-shim-v2 kernel: device eth0 entered promiscuous mode
Aug 18 08:34:42 kata-shim-v2 kernel: IPv6: ADDRCONF(NETDEV_UP): eth0: link is not ready
Aug 18 08:34:42 kata-shim-v2 kernel: IPv6: ADDRCONF(NETDEV_CHANGE): eth0: link becomes ready
Aug 18 08:34:42 kata-shim-v2 kernel: cni0: port 4(veth04b08645) entered blocking state
Aug 18 08:34:42 kata-shim-v2 kernel: cni0: port 4(veth04b08645) entered disabled state
Aug 18 08:34:42 kata-shim-v2 kernel: device veth04b08645 entered promiscuous mode
Aug 18 08:34:42 kata-shim-v2 kernel: cni0: port 4(veth04b08645) entered blocking state
Aug 18 08:34:42 kata-shim-v2 kernel: cni0: port 4(veth04b08645) entered forwarding state
Aug 18 08:34:42 kata-shim-v2 kernel: cni0: port 3(veth7de1886b) entered disabled state
Aug 18 08:34:42 kata-shim-v2 kernel: device veth7de1886b left promiscuous mode
Aug 18 08:34:42 kata-shim-v2 kernel: cni0: port 3(veth7de1886b) entered disabled state
Aug 18 08:34:43 kata-shim-v2 kernel: IPv6: ADDRCONF(NETDEV_UP): eth0: link is not ready
Aug 18 08:34:43 kata-shim-v2 kernel: IPv6: ADDRCONF(NETDEV_CHANGE): eth0: link becomes ready
Aug 18 08:34:43 kata-shim-v2 kernel: cni0: port 3(vetha79fddef) entered blocking state
Aug 18 08:34:43 kata-shim-v2 kernel: cni0: port 3(vetha79fddef) entered disabled state
Aug 18 08:34:43 kata-shim-v2 kernel: device vetha79fddef entered promiscuous mode
Aug 18 08:34:43 kata-shim-v2 kernel: cni0: port 3(vetha79fddef) entered blocking state
Aug 18 08:34:43 kata-shim-v2 kernel: cni0: port 3(vetha79fddef) entered forwarding state
Aug 18 08:34:45 kata-shim-v2 kernel: device eth0 entered promiscuous mode
Aug 18 08:34:47 kata-shim-v2 kernel: cni0: port 1(vethd7733a52) entered disabled state
Aug 18 08:34:47 kata-shim-v2 kernel: device vethd7733a52 left promiscuous mode
Aug 18 08:34:47 kata-shim-v2 kernel: cni0: port 1(vethd7733a52) entered disabled state
Aug 18 08:34:47 kata-shim-v2 kernel: device eth0 entered promiscuous mode
Aug 18 08:34:47 kata-shim-v2 kernel: device eth0 entered promiscuous mode
Aug 18 08:34:48 kata-shim-v2 kernel: cni0: port 2(veth6bc163b3) entered disabled state
Aug 18 08:34:48 kata-shim-v2 kernel: device veth6bc163b3 left promiscuous mode
Aug 18 08:34:48 kata-shim-v2 kernel: cni0: port 2(veth6bc163b3) entered disabled state
Aug 18 08:34:48 kata-shim-v2 kernel: IPv6: ADDRCONF(NETDEV_UP): eth0: link is not ready
Aug 18 08:34:48 kata-shim-v2 kernel: IPv6: ADDRCONF(NETDEV_CHANGE): eth0: link becomes ready
Aug 18 08:34:48 kata-shim-v2 kernel: cni0: port 1(veth7dc3c33e) entered blocking state
Aug 18 08:34:48 kata-shim-v2 kernel: cni0: port 1(veth7dc3c33e) entered disabled state
Aug 18 08:34:48 kata-shim-v2 kernel: device veth7dc3c33e entered promiscuous mode
Aug 18 08:34:48 kata-shim-v2 kernel: cni0: port 1(veth7dc3c33e) entered blocking state
Aug 18 08:34:48 kata-shim-v2 kernel: cni0: port 1(veth7dc3c33e) entered forwarding state
Aug 18 08:34:48 kata-shim-v2 kernel: cni0: port 7(vetha2d30c19) entered disabled state
Aug 18 08:34:48 kata-shim-v2 kernel: device vetha2d30c19 left promiscuous mode
Aug 18 08:34:48 kata-shim-v2 kernel: cni0: port 7(vetha2d30c19) entered disabled state
Aug 18 08:34:48 kata-shim-v2 kernel: cni0: port 5(veth53f23d52) entered disabled state
Aug 18 08:34:48 kata-shim-v2 kernel: device veth53f23d52 left promiscuous mode
Aug 18 08:34:48 kata-shim-v2 kernel: cni0: port 5(veth53f23d52) entered disabled state
Aug 18 08:34:49 kata-shim-v2 kernel: IPv6: ADDRCONF(NETDEV_UP): eth0: link is not ready
Aug 18 08:34:49 kata-shim-v2 kernel: IPv6: ADDRCONF(NETDEV_CHANGE): eth0: link becomes ready
Aug 18 08:34:49 kata-shim-v2 kernel: cni0: port 2(vethf39ad72c) entered blocking state
Aug 18 08:34:49 kata-shim-v2 kernel: cni0: port 2(vethf39ad72c) entered disabled state
Aug 18 08:34:49 kata-shim-v2 kernel: device vethf39ad72c entered promiscuous mode
Aug 18 08:34:49 kata-shim-v2 kernel: cni0: port 2(vethf39ad72c) entered blocking state
Aug 18 08:34:49 kata-shim-v2 kernel: cni0: port 2(vethf39ad72c) entered forwarding state
Aug 18 08:34:50 kata-shim-v2 kernel: IPv6: ADDRCONF(NETDEV_UP): eth0: link is not ready
Aug 18 08:34:50 kata-shim-v2 kernel: IPv6: ADDRCONF(NETDEV_UP): veth7f3e4024: link is not ready
Aug 18 08:34:50 kata-shim-v2 kernel: IPv6: ADDRCONF(NETDEV_CHANGE): veth7f3e4024: link becomes ready
Aug 18 08:34:50 kata-shim-v2 kernel: IPv6: ADDRCONF(NETDEV_CHANGE): eth0: link becomes ready
Aug 18 08:34:50 kata-shim-v2 kernel: cni0: port 5(veth7f3e4024) entered blocking state
Aug 18 08:34:50 kata-shim-v2 kernel: cni0: port 5(veth7f3e4024) entered disabled state
Aug 18 08:34:50 kata-shim-v2 kernel: device veth7f3e4024 entered promiscuous mode
Aug 18 08:34:50 kata-shim-v2 kernel: cni0: port 5(veth7f3e4024) entered blocking state
Aug 18 08:34:50 kata-shim-v2 kernel: cni0: port 5(veth7f3e4024) entered forwarding state
Aug 18 08:34:51 kata-shim-v2 kernel: device eth0 entered promiscuous mode
Aug 18 08:34:53 kata-shim-v2 kernel: cni0: port 4(veth04b08645) entered disabled state
Aug 18 08:34:53 kata-shim-v2 kernel: device veth04b08645 left promiscuous mode
Aug 18 08:34:53 kata-shim-v2 kernel: cni0: port 4(veth04b08645) entered disabled state
Aug 18 08:34:53 kata-shim-v2 kernel: IPv6: ADDRCONF(NETDEV_UP): eth0: link is not ready
Aug 18 08:34:53 kata-shim-v2 kernel: IPv6: ADDRCONF(NETDEV_CHANGE): eth0: link becomes ready
Aug 18 08:34:53 kata-shim-v2 kernel: cni0: port 4(veth9c47b3f0) entered blocking state
Aug 18 08:34:53 kata-shim-v2 kernel: cni0: port 4(veth9c47b3f0) entered disabled state
Aug 18 08:34:53 kata-shim-v2 kernel: device veth9c47b3f0 entered promiscuous mode
Aug 18 08:34:53 kata-shim-v2 kernel: cni0: port 4(veth9c47b3f0) entered blocking state
Aug 18 08:34:53 kata-shim-v2 kernel: cni0: port 4(veth9c47b3f0) entered forwarding state
Aug 18 08:34:53 kata-shim-v2 kernel: device eth0 entered promiscuous mode
Aug 18 08:34:54 kata-shim-v2 kernel: device eth0 entered promiscuous mode
Aug 18 08:34:57 kata-shim-v2 kernel: device eth0 entered promiscuous mode
Aug 18 08:34:57 kata-shim-v2 kernel: cni0: port 1(veth7dc3c33e) entered disabled state
Aug 18 08:34:57 kata-shim-v2 kernel: device veth7dc3c33e left promiscuous mode
Aug 18 08:34:57 kata-shim-v2 kernel: cni0: port 1(veth7dc3c33e) entered disabled state
Aug 18 08:34:58 kata-shim-v2 kernel: audit: type=1400 audit(1534581298.032:22): apparmor="STATUS" operation="profile_replace" info="same as current profile, skipping" profile="unconfined" name="cri-validate-apparmor-test-audit-write" pid=10878 comm="apparmor_parser"
Aug 18 08:34:58 kata-shim-v2 kernel: audit: type=1400 audit(1534581298.032:23): apparmor="STATUS" operation="profile_replace" info="same as current profile, skipping" profile="unconfined" name="cri-validate-apparmor-test-deny-write" pid=10878 comm="apparmor_parser"
Aug 18 08:34:58 kata-shim-v2 kernel: IPv6: ADDRCONF(NETDEV_UP): eth0: link is not ready
Aug 18 08:34:58 kata-shim-v2 kernel: IPv6: ADDRCONF(NETDEV_CHANGE): eth0: link becomes ready
Aug 18 08:34:58 kata-shim-v2 kernel: cni0: port 1(veth3f11c14f) entered blocking state
Aug 18 08:34:58 kata-shim-v2 kernel: cni0: port 1(veth3f11c14f) entered disabled state
Aug 18 08:34:58 kata-shim-v2 kernel: device veth3f11c14f entered promiscuous mode
Aug 18 08:34:58 kata-shim-v2 kernel: cni0: port 1(veth3f11c14f) entered blocking state
Aug 18 08:34:58 kata-shim-v2 kernel: cni0: port 1(veth3f11c14f) entered forwarding state
Aug 18 08:34:59 kata-shim-v2 kernel: cni0: port 2(vethf39ad72c) entered disabled state
Aug 18 08:34:59 kata-shim-v2 kernel: device vethf39ad72c left promiscuous mode
Aug 18 08:34:59 kata-shim-v2 kernel: cni0: port 2(vethf39ad72c) entered disabled state
Aug 18 08:34:59 kata-shim-v2 kernel: IPv6: ADDRCONF(NETDEV_UP): eth0: link is not ready
Aug 18 08:34:59 kata-shim-v2 kernel: IPv6: ADDRCONF(NETDEV_CHANGE): eth0: link becomes ready
Aug 18 08:34:59 kata-shim-v2 kernel: cni0: port 2(veth2c2c884d) entered blocking state
Aug 18 08:34:59 kata-shim-v2 kernel: cni0: port 2(veth2c2c884d) entered disabled state
Aug 18 08:34:59 kata-shim-v2 kernel: device veth2c2c884d entered promiscuous mode
Aug 18 08:34:59 kata-shim-v2 kernel: cni0: port 2(veth2c2c884d) entered blocking state
Aug 18 08:34:59 kata-shim-v2 kernel: cni0: port 2(veth2c2c884d) entered forwarding state
Aug 18 08:35:00 kata-shim-v2 kernel: cni0: port 5(veth7f3e4024) entered disabled state
Aug 18 08:35:00 kata-shim-v2 kernel: device veth7f3e4024 left promiscuous mode
Aug 18 08:35:00 kata-shim-v2 kernel: cni0: port 5(veth7f3e4024) entered disabled state
Aug 18 08:35:01 kata-shim-v2 kernel: device eth0 entered promiscuous mode
Aug 18 08:35:03 kata-shim-v2 kernel: cni0: port 4(veth9c47b3f0) entered disabled state
Aug 18 08:35:03 kata-shim-v2 kernel: device veth9c47b3f0 left promiscuous mode
Aug 18 08:35:03 kata-shim-v2 kernel: cni0: port 4(veth9c47b3f0) entered disabled state
Aug 18 08:35:03 kata-shim-v2 kernel: IPv6: ADDRCONF(NETDEV_UP): eth0: link is not ready
Aug 18 08:35:03 kata-shim-v2 kernel: IPv6: ADDRCONF(NETDEV_CHANGE): eth0: link becomes ready
Aug 18 08:35:03 kata-shim-v2 kernel: cni0: port 4(veth8a2c5c23) entered blocking state
Aug 18 08:35:03 kata-shim-v2 kernel: cni0: port 4(veth8a2c5c23) entered disabled state
Aug 18 08:35:03 kata-shim-v2 kernel: device veth8a2c5c23 entered promiscuous mode
Aug 18 08:35:03 kata-shim-v2 kernel: cni0: port 4(veth8a2c5c23) entered blocking state
Aug 18 08:35:03 kata-shim-v2 kernel: cni0: port 4(veth8a2c5c23) entered forwarding state
Aug 18 08:35:03 kata-shim-v2 kernel: device eth0 entered promiscuous mode
Aug 18 08:35:07 kata-shim-v2 kernel: device eth0 entered promiscuous mode
Aug 18 08:35:08 kata-shim-v2 kernel: cni0: port 2(veth2c2c884d) entered disabled state
Aug 18 08:35:08 kata-shim-v2 kernel: device veth2c2c884d left promiscuous mode
Aug 18 08:35:08 kata-shim-v2 kernel: cni0: port 2(veth2c2c884d) entered disabled state
Aug 18 08:35:09 kata-shim-v2 kernel: IPv6: ADDRCONF(NETDEV_UP): eth0: link is not ready
Aug 18 08:35:09 kata-shim-v2 kernel: IPv6: ADDRCONF(NETDEV_CHANGE): eth0: link becomes ready
Aug 18 08:35:09 kata-shim-v2 kernel: cni0: port 2(vethdd278102) entered blocking state
Aug 18 08:35:09 kata-shim-v2 kernel: cni0: port 2(vethdd278102) entered disabled state
Aug 18 08:35:09 kata-shim-v2 kernel: device vethdd278102 entered promiscuous mode
Aug 18 08:35:09 kata-shim-v2 kernel: cni0: port 2(vethdd278102) entered blocking state
Aug 18 08:35:09 kata-shim-v2 kernel: cni0: port 2(vethdd278102) entered forwarding state
Aug 18 08:35:12 kata-shim-v2 kernel: device eth0 entered promiscuous mode
Aug 18 08:35:13 kata-shim-v2 kernel: cni0: port 4(veth8a2c5c23) entered disabled state
Aug 18 08:35:13 kata-shim-v2 kernel: device veth8a2c5c23 left promiscuous mode
Aug 18 08:35:13 kata-shim-v2 kernel: cni0: port 4(veth8a2c5c23) entered disabled state
Aug 18 08:35:13 kata-shim-v2 kernel: IPv6: ADDRCONF(NETDEV_UP): eth0: link is not ready
Aug 18 08:35:13 kata-shim-v2 kernel: IPv6: ADDRCONF(NETDEV_CHANGE): eth0: link becomes ready
Aug 18 08:35:13 kata-shim-v2 kernel: cni0: port 4(vethe433f848) entered blocking state
Aug 18 08:35:13 kata-shim-v2 kernel: cni0: port 4(vethe433f848) entered disabled state
Aug 18 08:35:13 kata-shim-v2 kernel: device vethe433f848 entered promiscuous mode
Aug 18 08:35:13 kata-shim-v2 kernel: cni0: port 4(vethe433f848) entered blocking state
Aug 18 08:35:13 kata-shim-v2 kernel: cni0: port 4(vethe433f848) entered forwarding state
Aug 18 08:35:14 kata-shim-v2 kernel: cni0: port 2(vethdd278102) entered disabled state
Aug 18 08:35:14 kata-shim-v2 kernel: device vethdd278102 left promiscuous mode
Aug 18 08:35:14 kata-shim-v2 kernel: cni0: port 2(vethdd278102) entered disabled state
Aug 18 08:35:16 kata-shim-v2 kernel: device eth0 entered promiscuous mode
Aug 18 08:35:19 kata-shim-v2 kernel: cni0: port 4(vethe433f848) entered disabled state
Aug 18 08:35:19 kata-shim-v2 kernel: device vethe433f848 left promiscuous mode
Aug 18 08:35:19 kata-shim-v2 kernel: cni0: port 4(vethe433f848) entered disabled state
Aug 18 08:35:19 kata-shim-v2 kernel: cni0: port 3(vetha79fddef) entered disabled state
Aug 18 08:35:19 kata-shim-v2 kernel: device vetha79fddef left promiscuous mode
Aug 18 08:35:19 kata-shim-v2 kernel: cni0: port 3(vetha79fddef) entered disabled state
Aug 18 08:35:20 kata-shim-v2 kernel: IPv6: ADDRCONF(NETDEV_UP): eth0: link is not ready
Aug 18 08:35:20 kata-shim-v2 kernel: IPv6: ADDRCONF(NETDEV_CHANGE): eth0: link becomes ready
Aug 18 08:35:20 kata-shim-v2 kernel: cni0: port 2(veth1ddd7574) entered blocking state
Aug 18 08:35:20 kata-shim-v2 kernel: cni0: port 2(veth1ddd7574) entered disabled state
Aug 18 08:35:20 kata-shim-v2 kernel: device veth1ddd7574 entered promiscuous mode
Aug 18 08:35:20 kata-shim-v2 kernel: cni0: port 2(veth1ddd7574) entered blocking state
Aug 18 08:35:20 kata-shim-v2 kernel: cni0: port 2(veth1ddd7574) entered forwarding state
Aug 18 08:35:20 kata-shim-v2 kernel: IPv6: ADDRCONF(NETDEV_UP): eth0: link is not ready
Aug 18 08:35:20 kata-shim-v2 kernel: IPv6: ADDRCONF(NETDEV_CHANGE): eth0: link becomes ready
Aug 18 08:35:20 kata-shim-v2 kernel: cni0: port 3(vetha7c05335) entered blocking state
Aug 18 08:35:20 kata-shim-v2 kernel: cni0: port 3(vetha7c05335) entered disabled state
Aug 18 08:35:20 kata-shim-v2 kernel: device vetha7c05335 entered promiscuous mode
Aug 18 08:35:20 kata-shim-v2 kernel: cni0: port 3(vetha7c05335) entered blocking state
Aug 18 08:35:20 kata-shim-v2 kernel: cni0: port 3(vetha7c05335) entered forwarding state
Aug 18 08:35:23 kata-shim-v2 kernel: device eth0 entered promiscuous mode
Aug 18 08:35:23 kata-shim-v2 kernel: device eth0 entered promiscuous mode
Aug 18 08:35:26 kata-shim-v2 kernel: cni0: port 6(veth5ba18396) entered disabled state
Aug 18 08:35:26 kata-shim-v2 kernel: device veth5ba18396 left promiscuous mode
Aug 18 08:35:26 kata-shim-v2 kernel: cni0: port 6(veth5ba18396) entered disabled state
Aug 18 08:35:26 kata-shim-v2 kernel: IPv6: ADDRCONF(NETDEV_UP): eth0: link is not ready
Aug 18 08:35:26 kata-shim-v2 kernel: IPv6: ADDRCONF(NETDEV_CHANGE): eth0: link becomes ready
Aug 18 08:35:26 kata-shim-v2 kernel: cni0: port 4(veth2218d5a2) entered blocking state
Aug 18 08:35:26 kata-shim-v2 kernel: cni0: port 4(veth2218d5a2) entered disabled state
Aug 18 08:35:26 kata-shim-v2 kernel: device veth2218d5a2 entered promiscuous mode
Aug 18 08:35:26 kata-shim-v2 kernel: cni0: port 4(veth2218d5a2) entered blocking state
Aug 18 08:35:26 kata-shim-v2 kernel: cni0: port 4(veth2218d5a2) entered forwarding state
Aug 18 08:35:26 kata-shim-v2 kernel: IPv6: ADDRCONF(NETDEV_UP): eth0: link is not ready
Aug 18 08:35:26 kata-shim-v2 kernel: IPv6: ADDRCONF(NETDEV_CHANGE): eth0: link becomes ready
Aug 18 08:35:26 kata-shim-v2 kernel: cni0: port 5(vethe7e64793) entered blocking state
Aug 18 08:35:26 kata-shim-v2 kernel: cni0: port 5(vethe7e64793) entered disabled state
Aug 18 08:35:26 kata-shim-v2 kernel: device vethe7e64793 entered promiscuous mode
Aug 18 08:35:26 kata-shim-v2 kernel: cni0: port 5(vethe7e64793) entered blocking state
Aug 18 08:35:26 kata-shim-v2 kernel: cni0: port 5(vethe7e64793) entered forwarding state
Aug 18 08:35:28 kata-shim-v2 kernel: cni0: port 2(veth1ddd7574) entered disabled state
Aug 18 08:35:28 kata-shim-v2 kernel: device veth1ddd7574 left promiscuous mode
Aug 18 08:35:28 kata-shim-v2 kernel: cni0: port 2(veth1ddd7574) entered disabled state
Aug 18 08:35:29 kata-shim-v2 kernel: cni0: port 3(vetha7c05335) entered disabled state
Aug 18 08:35:29 kata-shim-v2 kernel: device vetha7c05335 left promiscuous mode
Aug 18 08:35:29 kata-shim-v2 kernel: cni0: port 3(vetha7c05335) entered disabled state
Aug 18 08:35:29 kata-shim-v2 kernel: IPv6: ADDRCONF(NETDEV_UP): eth0: link is not ready
Aug 18 08:35:29 kata-shim-v2 kernel: IPv6: ADDRCONF(NETDEV_CHANGE): eth0: link becomes ready
Aug 18 08:35:29 kata-shim-v2 kernel: cni0: port 2(vetha0f6dc66) entered blocking state
Aug 18 08:35:29 kata-shim-v2 kernel: cni0: port 2(vetha0f6dc66) entered disabled state
Aug 18 08:35:29 kata-shim-v2 kernel: device vetha0f6dc66 entered promiscuous mode
Aug 18 08:35:29 kata-shim-v2 kernel: cni0: port 2(vetha0f6dc66) entered blocking state
Aug 18 08:35:29 kata-shim-v2 kernel: cni0: port 2(vetha0f6dc66) entered forwarding state
Aug 18 08:35:29 kata-shim-v2 kernel: IPv6: ADDRCONF(NETDEV_UP): eth0: link is not ready
Aug 18 08:35:29 kata-shim-v2 kernel: IPv6: ADDRCONF(NETDEV_CHANGE): eth0: link becomes ready
Aug 18 08:35:29 kata-shim-v2 kernel: cni0: port 3(veth49ed663c) entered blocking state
Aug 18 08:35:29 kata-shim-v2 kernel: cni0: port 3(veth49ed663c) entered disabled state
Aug 18 08:35:29 kata-shim-v2 kernel: device veth49ed663c entered promiscuous mode
Aug 18 08:35:29 kata-shim-v2 kernel: cni0: port 3(veth49ed663c) entered blocking state
Aug 18 08:35:29 kata-shim-v2 kernel: cni0: port 3(veth49ed663c) entered forwarding state
Aug 18 08:35:30 kata-shim-v2 kernel: device eth0 entered promiscuous mode
Aug 18 08:35:30 kata-shim-v2 kernel: device eth0 entered promiscuous mode
Aug 18 08:35:33 kata-shim-v2 kernel: device eth0 entered promiscuous mode
Aug 18 08:35:33 kata-shim-v2 kernel: device eth0 entered promiscuous mode
Aug 18 08:35:35 kata-shim-v2 kernel: cni0: port 4(veth2218d5a2) entered disabled state
Aug 18 08:35:35 kata-shim-v2 kernel: device veth2218d5a2 left promiscuous mode
Aug 18 08:35:35 kata-shim-v2 kernel: cni0: port 4(veth2218d5a2) entered disabled state
Aug 18 08:35:36 kata-shim-v2 kernel: cni0: port 5(vethe7e64793) entered disabled state
Aug 18 08:35:36 kata-shim-v2 kernel: device vethe7e64793 left promiscuous mode
Aug 18 08:35:36 kata-shim-v2 kernel: cni0: port 5(vethe7e64793) entered disabled state
Aug 18 08:35:38 kata-shim-v2 kernel: cni0: port 2(vetha0f6dc66) entered disabled state
Aug 18 08:35:38 kata-shim-v2 kernel: device vetha0f6dc66 left promiscuous mode
Aug 18 08:35:38 kata-shim-v2 kernel: cni0: port 2(vetha0f6dc66) entered disabled state
Aug 18 08:35:38 kata-shim-v2 kernel: cni0: port 3(veth49ed663c) entered disabled state
Aug 18 08:35:38 kata-shim-v2 kernel: device veth49ed663c left promiscuous mode
Aug 18 08:35:38 kata-shim-v2 kernel: cni0: port 3(veth49ed663c) entered disabled state
Aug 18 09:02:41 kata-shim-v2 kernel: IPv6: ADDRCONF(NETDEV_UP): eth0: link is not ready
Aug 18 09:02:41 kata-shim-v2 kernel: IPv6: ADDRCONF(NETDEV_UP): vetheb2039bf: link is not ready
Aug 18 09:02:41 kata-shim-v2 kernel: IPv6: ADDRCONF(NETDEV_CHANGE): vetheb2039bf: link becomes ready
Aug 18 09:02:41 kata-shim-v2 kernel: IPv6: ADDRCONF(NETDEV_CHANGE): eth0: link becomes ready
Aug 18 09:02:41 kata-shim-v2 kernel: cni0: port 2(vetheb2039bf) entered blocking state
Aug 18 09:02:41 kata-shim-v2 kernel: cni0: port 2(vetheb2039bf) entered disabled state
Aug 18 09:02:41 kata-shim-v2 kernel: device vetheb2039bf entered promiscuous mode
Aug 18 09:02:41 kata-shim-v2 kernel: cni0: port 2(vetheb2039bf) entered blocking state
Aug 18 09:02:41 kata-shim-v2 kernel: cni0: port 2(vetheb2039bf) entered forwarding state
Aug 18 09:02:41 kata-shim-v2 kernel: IPv6: ADDRCONF(NETDEV_UP): eth0: link is not ready
Aug 18 09:02:42 kata-shim-v2 kernel: IPv6: ADDRCONF(NETDEV_CHANGE): eth0: link becomes ready
Aug 18 09:02:42 kata-shim-v2 kernel: IPv6: ADDRCONF(NETDEV_UP): eth0: link is not ready
Aug 18 09:02:42 kata-shim-v2 kernel: cni0: port 3(veth9d182cd9) entered blocking state
Aug 18 09:02:42 kata-shim-v2 kernel: cni0: port 3(veth9d182cd9) entered disabled state
Aug 18 09:02:42 kata-shim-v2 kernel: device veth9d182cd9 entered promiscuous mode
Aug 18 09:02:42 kata-shim-v2 kernel: cni0: port 3(veth9d182cd9) entered blocking state
Aug 18 09:02:42 kata-shim-v2 kernel: cni0: port 3(veth9d182cd9) entered forwarding state
Aug 18 09:02:42 kata-shim-v2 kernel: IPv6: ADDRCONF(NETDEV_CHANGE): eth0: link becomes ready
Aug 18 09:02:42 kata-shim-v2 kernel: cni0: port 4(veth0d1a96e7) entered blocking state
Aug 18 09:02:42 kata-shim-v2 kernel: cni0: port 4(veth0d1a96e7) entered disabled state
Aug 18 09:02:42 kata-shim-v2 kernel: device veth0d1a96e7 entered promiscuous mode
